ARM Linker, 5.03 [Build 24] [MDK-ARM Standard]

==============================================================================

Section Cross References

    s3c2410a.o(STACK) refers (Special) to heapauxi.o(.text) for __use_two_region_memory
    s3c2410a.o(HEAP) refers (Special) to heapauxi.o(.text) for __use_two_region_memory
    s3c2410a.o(RESET) refers (Special) to heapauxi.o(.text) for __use_two_region_memory
    s3c2410a.o(RESET) refers to s3c2410a.o(STACK) for Stack_Top
    s3c2410a.o(RESET) refers to __main.o(!!!main) for __main
    s3c2410a.o(.text) refers (Special) to heapauxi.o(.text) for __use_two_region_memory
    s3c2410a.o(.text) refers to s3c2410a.o(HEAP) for Heap_Mem
    s3c2410a.o(.text) refers to s3c2410a.o(STACK) for Stack_Mem
    lcd.o(.text) refers to 2410lib.o(.text) for uart_printf
    lcd.o(.text) refers to aeabi_sdiv.o(.text_udiv) for __aeabi_uidivmod
    lcd.o(.text) refers to lcd.o(.data) for save_rGPCCON
    lcd.o(.text) refers to lcd.o(.constdata) for DEMO256pal
    lcd.o(.text) refers to lcdlib.o(.text) for Lcd_Init
    lcd.o(.text) refers to glib.o(.text) for Glib_Init
    lcd.o(.text) refers to aeabi_sdiv.o(.text) for __aeabi_idivmod
    lcd.o(.text) refers to glib.o(.data) for PutPixel
    lcdlib.o(.text) refers to lcdlib.o(.data) for frameBuffer1Bit
    lcdlib.o(.text) refers to 2410lib.o(.text) for uart_getch
    main.o(.text) refers to sys_init.o(.text) for sys_init
    main.o(.text) refers to color_lcd_test.o(.text) for color_lcd_test
    color_lcd_test.o(.text) refers to lcd.o(.text) for Lcd_port_init
    color_lcd_test.o(.text) refers to lcdlib.o(.text) for Lcd_Init
    color_lcd_test.o(.text) refers to glib.o(.text) for Glib_Init
    color_lcd_test.o(.text) refers to 2410lib.o(.text) for uart_printf
    color_lcd_test.o(.text) refers to aeabi_sdiv.o(.text) for __aeabi_idivmod
    color_lcd_test.o(.text) refers to glib.o(.data) for PutPixel
    color_lcd_test.o(.text) refers to f2d.o(x$fpl$f2d) for __aeabi_f2d
    color_lcd_test.o(.text) refers to daddsub_noclz.o(x$fpl$dadd) for __aeabi_dadd
    color_lcd_test.o(.text) refers to sin.o(i.sin) for sin
    color_lcd_test.o(.text) refers to dmul.o(x$fpl$dmul) for __aeabi_dmul
    color_lcd_test.o(.text) refers to daddsub_noclz.o(x$fpl$drsb) for __aeabi_drsub
    color_lcd_test.o(.text) refers to dfix.o(x$fpl$dfix) for __aeabi_d2iz
    color_lcd_test.o(.text) refers to d2f.o(x$fpl$d2f) for __aeabi_d2f
    color_lcd_test.o(.text) refers to bmp_data.o(.constdata) for g_ucBitmap
    glib.o(.text) refers to aeabi_sdiv.o(.text_udiv) for __aeabi_uidivmod
    glib.o(.text) refers to lcdlib.o(.data) for frameBuffer16BitTft800600
    glib.o(.text) refers to glib.o(.data) for PutPixel
    2410lib.o(.text) refers to dflt_noclz.o(x$fpl$dflt) for __aeabi_i2d
    2410lib.o(.text) refers to ddiv.o(x$fpl$ddiv) for __aeabi_ddiv
    2410lib.o(.text) refers to daddsub_noclz.o(x$fpl$dadd) for __aeabi_dadd
    2410lib.o(.text) refers to dfix.o(x$fpl$dfix) for __aeabi_d2iz
    2410lib.o(.text) refers to aeabi_sdiv.o(.text) for __aeabi_idivmod
    2410lib.o(.text) refers to c89vsprintf.o(.text) for __c89vsprintf
    2410lib.o(.text) refers to strlen.o(.text) for strlen
    2410lib.o(.text) refers to atoi.o(.text) for atoi
    2410lib.o(.text) refers to rt_ctype_table.o(.text) for __rt_ctype_table
    2410lib.o(.text) refers to 2410lib.o(.data) for delayLoopCount
    sys_init.o(.text) refers to 2410lib.o(.text) for uart_printf
    sys_init.o(.text) refers to sys_init.o(.data) for nCNT
    sys_init.o(.text) refers to sys_init.o(.constdata) for .constdata
    rt_ctype_table.o(.text) refers to rt_locale_intlibspace.o(.text) for __rt_locale
    rt_ctype_table.o(.text) refers to lc_ctype_c.o(locale$$code) for _get_lc_ctype
    c89vsprintf.o(.text) refers (Special) to _printf_a.o(.ARM.Collect$$_printf_percent$$00000006) for _printf_a
    c89vsprintf.o(.text) refers (Special) to _printf_c.o(.ARM.Collect$$_printf_percent$$00000013) for _printf_c
    c89vsprintf.o(.text) refers (Special) to _printf_charcount.o(.text) for _printf_charcount
    c89vsprintf.o(.text) refers (Special) to _printf_d.o(.ARM.Collect$$_printf_percent$$00000009) for _printf_d
    c89vsprintf.o(.text) refers (Special) to _printf_e.o(.ARM.Collect$$_printf_percent$$00000004) for _printf_e
    c89vsprintf.o(.text) refers (Special) to _printf_f.o(.ARM.Collect$$_printf_percent$$00000003) for _printf_f
    c89vsprintf.o(.text) refers (Special) to printf1.o(x$fpl$printf1) for _printf_fp_dec
    c89vsprintf.o(.text) refers (Special) to _printf_g.o(.ARM.Collect$$_printf_percent$$00000005) for _printf_g
    c89vsprintf.o(.text) refers (Special) to _printf_i.o(.ARM.Collect$$_printf_percent$$00000008) for _printf_i
    c89vsprintf.o(.text) refers (Special) to _printf_dec.o(.text) for _printf_int_dec
    c89vsprintf.o(.text) refers (Special) to _printf_l.o(.ARM.Collect$$_printf_percent$$00000012) for _printf_l
[...]
    .ARM.Collect$$_printf_percent$$00000011  0x30000308   Section        8  _printf_llx.o(.ARM.Collect$$_printf_percent$$00000011)
    .ARM.Collect$$_printf_percent$$00000012  0x30000310   Section       12  _printf_l.o(.ARM.Collect$$_printf_percent$$00000012)
    .ARM.Collect$$_printf_percent$$00000013  0x3000031c   Section        8  _printf_c.o(.ARM.Collect$$_printf_percent$$00000013)
    .ARM.Collect$$_printf_percent$$00000014  0x30000324   Section        8  _printf_s.o(.ARM.Collect$$_printf_percent$$00000014)
    .ARM.Collect$$_printf_percent$$00000015  0x3000032c   Section        8  _printf_lc.o(.ARM.Collect$$_printf_percent$$00000015)
    .ARM.Collect$$_printf_percent$$00000016  0x30000334   Section        8  _printf_ls.o(.ARM.Collect$$_printf_percent$$00000016)
    .ARM.Collect$$_printf_percent$$00000017  0x3000033c   Section        8  _printf_percent_end.o(.ARM.Collect$$_printf_percent$$00000017)
    .ARM.Collect$$libinit$$00000000          0x3000034c   Section        2  libinit.o(.ARM.Collect$$libinit$$00000000)
    .ARM.Collect$$libinit$$00000002          0x3000034e   Section        0  libinit2.o(.ARM.Collect$$libinit$$00000002)
    .ARM.Collect$$libinit$$00000008          0x3000034e   Section        0  libinit2.o(.ARM.Collect$$libinit$$00000008)
    .ARM.Collect$$libinit$$0000000A          0x3000034e   Section        0  libinit2.o(.ARM.Collect$$libinit$$0000000A)
    .ARM.Collect$$libinit$$0000000C          0x3000034e   Section        0  libinit2.o(.ARM.Collect$$libinit$$0000000C)
    .ARM.Collect$$libinit$$0000000D          0x3000034e   Section        6  libinit2.o(.ARM.Collect$$libinit$$0000000D)
    .ARM.Collect$$libinit$$0000000F          0x30000354   Section        0  libinit2.o(.ARM.Collect$$libinit$$0000000F)
    .ARM.Collect$$libinit$$00000010          0x30000354   Section       12  libinit2.o(.ARM.Collect$$libinit$$00000010)
    .ARM.Collect$$libinit$$00000011          0x30000360   Section        0  libinit2.o(.ARM.Collect$$libinit$$00000011)
    .ARM.Collect$$libinit$$00000013          0x30000360   Section        0  libinit2.o(.ARM.Collect$$libinit$$00000013)
    .ARM.Collect$$libinit$$00000014          0x30000360   Section       10  libinit2.o(.ARM.Collect$$libinit$$00000014)
    .ARM.Collect$$libinit$$00000015          0x3000036a   Section        0  libinit2.o(.ARM.Collect$$libinit$$00000015)
    .ARM.Collect$$libinit$$00000017          0x3000036a   Section        0  libinit2.o(.ARM.Collect$$libinit$$00000017)
    .ARM.Collect$$libinit$$00000019          0x3000036a   Section        0  libinit2.o(.ARM.Collect$$libinit$$00000019)
    .ARM.Collect$$libinit$$0000001B          0x3000036a   Section        0  libinit2.o(.ARM.Collect$$libinit$$0000001B)
    .ARM.Collect$$libinit$$0000001D          0x3000036a   Section        0  libinit2.o(.ARM.Collect$$libinit$$0000001D)
    .ARM.Collect$$libinit$$0000001F          0x3000036a   Section        0  libinit2.o(.ARM.Collect$$libinit$$0000001F)
    .ARM.Collect$$libinit$$00000021          0x3000036a   Section        0  libinit2.o(.ARM.Collect$$libinit$$00000021)
    .ARM.Collect$$libinit$$00000023          0x3000036a   Section        0  libinit2.o(.ARM.Collect$$libinit$$00000023)
    .ARM.Collect$$libinit$$0000002A          0x3000036a   Section        0  libinit2.o(.ARM.Collect$$libinit$$0000002A)
    .ARM.Collect$$libinit$$0000002C          0x3000036a   Section        0  libinit2.o(.ARM.Collect$$libinit$$0000002C)
    .ARM.Collect$$libinit$$0000002E          0x3000036a   Section        0  libinit2.o(.ARM.Collect$$libinit$$0000002E)
    .ARM.Collect$$libinit$$00000030          0x3000036a   Section        0  libinit2.o(.ARM.Collect$$libinit$$00000030)
    .ARM.Collect$$libinit$$00000031          0x3000036a   Section       12  libinit2.o(.ARM.Collect$$libinit$$00000031)
    .ARM.Collect$$libshutdown$$00000000      0x30000380   Section        4  libshutdown.o(.ARM.Collect$$libshutdown$$00000000)
    .ARM.Collect$$libshutdown$$00000003      0x30000384   Section        0  libshutdown2.o(.ARM.Collect$$libshutdown$$00000003)
    .ARM.Collect$$libshutdown$$00000006      0x30000384   Section        0  libshutdown2.o(.ARM.Collect$$libshutdown$$00000006)
    .ARM.Collect$$libshutdown$$00000009      0x30000384   Section        0  libshutdown2.o(.ARM.Collect$$libshutdown$$00000009)
    .ARM.Collect$$libshutdown$$0000000B      0x30000384   Section        0  libshutdown2.o(.ARM.Collect$$libshutdown$$0000000B)
    .ARM.Collect$$libshutdown$$0000000E      0x30000384   Section        0  libshutdown2.o(.ARM.Collect$$libshutdown$$0000000E)
    .ARM.Collect$$libshutdown$$0000000F      0x30000384   Section        6  libshutdown2.o(.ARM.Collect$$libshutdown$$0000000F)
    .ARM.Collect$$rtentry$$00000000          0x3000038c   Section        0  rtentry.o(.ARM.Collect$$rtentry$$00000000)
    .ARM.Collect$$rtentry$$00000002          0x3000038c   Section        0  rtentry2.o(.ARM.Collect$$rtentry$$00000002)
    .ARM.Collect$$rtentry$$00000004          0x3000038c   Section        8  rtentry4.o(.ARM.Collect$$rtentry$$00000004)
    .ARM.Collect$$rtentry$$00000009          0x30000394   Section        0  rtentry2.o(.ARM.Collect$$rtentry$$00000009)
    .ARM.Collect$$rtentry$$0000000A          0x30000394   Section        4  rtentry2.o(.ARM.Collect$$rtentry$$0000000A)
    .ARM.Collect$$rtentry$$0000000C          0x30000398   Section        0  rtentry2.o(.ARM.Collect$$rtentry$$0000000C)
    .ARM.Collect$$rtentry$$0000000D          0x30000398   Section       40  rtentry2.o(.ARM.Collect$$rtentry$$0000000D)
    .ARM.Collect$$rtexit$$00000000           0x300003c4   Section        4  rtexit.o(.ARM.Collect$$rtexit$$00000000)
    .ARM.Collect$$rtexit$$00000002           0x300003c8   Section        0  rtexit2.o(.ARM.Collect$$rtexit$$00000002)
    .ARM.Collect$$rtexit$$00000003           0x300003c8   Section        4  rtexit2.o(.ARM.Collect$$rtexit$$00000003)
    .ARM.Collect$$rtexit$$00000004           0x300003cc   Section        8  rtexit2.o(.ARM.Collect$$rtexit$$00000004)
    .text                                    0x300003d4   Section       36  s3c2410a.o(.text)
    .text                                    0x300003f8   Section        0  lcd.o(.text)
    .text                                    0x30004328   Section        0  lcdlib.o(.text)
    .text                                    0x30005a80   Section        0  main.o(.text)
    .text                                    0x30005a90   Section        0  color_lcd_test.o(.text)
    .text                                    0x300060ec   Section        0  glib.o(.text)
    .text                                    0x300072e8   Section        0  2410lib.o(.text)
    .text                                    0x30007de8   Section        0  sys_init.o(.text)
    .text                                    0x30008260   Section       24  rt_ctype_table.o(.text)
    .text                                    0x30008280   Section        0  c89vsprintf.o(.text)
    .text                                    0x300082b0   Section        0  atoi.o(.text)
    .text                                    0x300082d8   Section        0  strlen.o(.text)
    .text                                    0x30008320   Section      384  aeabi_sdiv.o(.text)
    __arm_div8                               0x3000834c   ARM Code       0  aeabi_sdiv.o(.text)
    __arm_div5                               0x30008370   ARM Code       0  aeabi_sdiv.o(.text)
    __arm_div2                               0x30008394   ARM Code       0  aeabi_sdiv.o(.text)
    __arm_div_large                          0x300083d0   ARM Code       0  aeabi_sdiv.o(.text)
    .text                                    0x300084a0   Section        0  heapauxi.o(.text)
    .text                                    0x300084ac   Section       12  rt_locale_intlibspace.o(.text)
    .text                                    0x300084bc   Section       12  rt_errno_addr_intlibspace.o(.text)
    .text                                    0x300084d0   Section        0  _rserrno.o(.text)
    .text                                    0x300084ea   Section        0  _printf_pad.o(.text)
    .text                                    0x30008540   Section        0  _printf_truncate.o(.text)
    .text                                    0x3000856c   Section        0  _printf_str.o(.text)
    .text                                    0x300085cc   Section        0  _printf_dec.o(.text)
    .text                                    0x30008644   Section        0  _printf_charcount.o(.text)
    .text                                    0x3000866c   Section        0  _printf_char_common.o(.text)
    _printf_input_char                       0x3000866d   Thumb Code    10  _printf_char_common.o(.text)
    .text                                    0x3000869c   Section        0  _sputc.o(.text)
    .text                                    0x300086a8   Section        0  _printf_wctomb.o(.text)
    .text                                    0x30008770   Section        0  _printf_longlong_dec.o(.text)
    .text                                    0x300087ec   Section        0  _printf_oct_int_ll.o(.text)
    _printf_longlong_oct_internal            0x300087ed   Thumb Code     0  _printf_oct_int_ll.o(.text)
    .text                                    0x3000886c   Section        0  _printf_hex_int_ll_ptr.o(.text)
    _printf_hex_common                       0x3000886d   Thumb Code     0  _printf_hex_int_ll_ptr.o(.text)
    .text                                    0x3000890c   Section        0  __printf_flags_ss_wp.o(.text)
    .text                                    0x30008aa8   Section        0  strtol.o(.text)
    .text                                    0x30008b1c   Section       12  libspace.o(.text)
    .text                                    0x30008b2c   Section      160  lludiv10.o(.text)
    .text                                    0x30008bcc   Section        0  _printf_intcommon.o(.text)
    .text                                    0x30008c88   Section        0  _printf_fp_dec.o(.text)
    _fp_digits                               0x30008c8b   Thumb Code   414  _printf_fp_dec.o(.text)
    .text                                    0x300090b0   Section        0  _printf_char.o(.text)
    .text                                    0x300090ec   Section        0  _printf_wchar.o(.text)
    .text                                    0x3000911e   Section        0  _strtoul.o(.text)
    .text                                    0x300091ca   Section        0  _wcrtomb.o(.text)
    .text                                    0x30009214   Section      160  strcmp.o(.text)
    .text                                    0x300092b8   Section       44  rtudiv10.o(.text)
    .text                                    0x300092e4   Section       96  sys_stackheap_outer.o(.text)
    .text                                    0x30009344   Section        0  _printf_fp_infnan.o(.text)
    .text                                    0x300093d4   Section        0  _chval.o(.text)
    .text                                    0x300093f4   Section        0  bigflt0.o(.text)
    .text                                    0x300094cc   Section        0  exit.o(.text)
    .text                                    0x300094e0   Section        0  sys_exit.o(.text)
    .text                                    0x300094ec   Section        4  use_no_semi.o(.text)
    .text                                    0x300094f0   Section        0  indicate_semi.o(.text)
    .text_udiv                               0x300094f0   Section       36  aeabi_sdiv.o(.text_udiv)
    CL$$btod_d2e                             0x30009518   Section       56  btod.o(CL$$btod_d2e)
    CL$$btod_d2e_denorm_low                  0x30009550   Section       84  btod.o(CL$$btod_d2e_denorm_low)
    CL$$btod_d2e_norm_op1                    0x300095a4   Section      104  btod.o(CL$$btod_d2e_norm_op1)
    CL$$btod_div_common                      0x3000960c   Section      844  btod.o(CL$$btod_div_common)
    CL$$btod_e2e                             0x30009958   Section      220  btod.o(CL$$btod_e2e)
    CL$$btod_ediv                            0x30009a38   Section       52  btod.o(CL$$btod_ediv)
    CL$$btod_emul                            0x30009a70   Section       52  btod.o(CL$$btod_emul)
    CL$$btod_mult_common                     0x30009aa4   Section      616  btod.o(CL$$btod_mult_common)
    i.__ARM_common_call_via_r1               0x30009d54   Section        0  __printf.o(i.__ARM_common_call_via_r1)
    i.__ARM_common_call_via_r2               0x30009d56   Section        0  _printf_wctomb.o(i.__ARM_common_call_via_r2)
    i.__ARM_common_call_via_r3               0x30009d58   Section        0  _wcrtomb.o(i.__ARM_common_call_via_r3)
    i.__ARM_fpclassify                       0x30009d60   Section        0  fpclassify.o(i.__ARM_fpclassify)
    i.__ieee754_rem_pio2                     0x30009d90   Section        0  rred.o(i.__ieee754_rem_pio2)
    i.__kernel_cos                           0x3000a288   Section        0  cos_i.o(i.__kernel_cos)
    i.__kernel_poly                          0x3000a424   Section        0  poly.o(i.__kernel_poly)
    i.__kernel_sin                           0x3000a524   Section        0  sin_i.o(i.__kernel_sin)
    i.__mathlib_dbl_underflow                0x3000a6a0   Section        0  dunder.o(i.__mathlib_dbl_underflow)
    i._is_digit                              0x3000a6b4   Section        0  __printf_wp.o(i._is_digit)
    i.sin                                    0x3000a6c4   Section        0  sin.o(i.sin)
    locale$$code                             0x3000a7cc   Section       80  lc_ctype_c.o(locale$$code)
    locale$$code                             0x3000a820   Section       80  lc_numeric_c.o(locale$$code)
    x$fpl$d2f                                0x3000a870   Section      108  d2f.o(x$fpl$d2f)
    x$fpl$dadd                               0x3000a8dc   Section      340  daddsub_noclz.o(x$fpl$dadd)
    _dadd1                                   0x3000a8ec   ARM Code       0  daddsub_noclz.o(x$fpl$dadd)
    x$fpl$dcheck1                            0x3000aa30   Section       16  dcheck1.o(x$fpl$dcheck1)
    x$fpl$ddiv                               0x3000aa40   Section      736  ddiv.o(x$fpl$ddiv)
    ddiv_entry                               0x3000aa48   ARM Code       0  ddiv.o(x$fpl$ddiv)
    x$fpl$dfix                               0x3000ad20   Section      112  dfix.o(x$fpl$dfix)
    x$fpl$dflt                               0x3000ad90   Section       88  dflt_noclz.o(x$fpl$dflt)
    x$fpl$dfltu                              0x3000ade8   Section       12  dflt_noclz.o(x$fpl$dfltu)
    x$fpl$dmul                               0x3000adf4   Section      384  dmul.o(x$fpl$dmul)
    x$fpl$dnaninf                            0x3000af74   Section      192  dnaninf.o(x$fpl$dnaninf)
    x$fpl$dretinf                            0x3000b034   Section       16  dretinf.o(x$fpl$dretinf)
    x$fpl$drsb                               0x3000b044   Section       24  daddsub_noclz.o(x$fpl$drsb)
    x$fpl$dsub                               0x3000b05c   Section      580  daddsub_noclz.o(x$fpl$dsub)
    _dsub1                                   0x3000b06c   ARM Code       0  daddsub_noclz.o(x$fpl$dsub)
    x$fpl$f2d                                0x3000b2a0   Section      100  f2d.o(x$fpl$f2d)
    x$fpl$fnaninf                            0x3000b304   Section      168  fnaninf.o(x$fpl$fnaninf)
    x$fpl$fretinf                            0x3000b3ac   Section       16  fretinf.o(x$fpl$fretinf)
    x$fpl$ieeestatus                         0x3000b3c0   Section        8  istatus.o(x$fpl$ieeestatus)
    x$fpl$printf1                            0x3000b3c8   Section        4  printf1.o(x$fpl$printf1)
    x$fpl$retnan                             0x3000b3cc   Section      116  retnan.o(x$fpl$retnan)
    x$fpl$scalbn                             0x3000b440   Section      104  scalbn.o(x$fpl$scalbn)
    x$fpl$trapveneer                         0x3000b4a8   Section       60  trapv.o(x$fpl$trapveneer)
    .constdata                               0x3000b4e4   Section    77596  lcd.o(.constdata)
    x$fpl$usenofp                            0x3000b4e4   Section        0  usenofp.o(x$fpl$usenofp)
    DEMO256                                  0x3000b4e4   Data       76800  lcd.o(.constdata)
    DEMO256pal                               0x3001e0e4   Data         512  lcd.o(.constdata)
    .constdata                               0x3001e400   Section    768000  bmp_data.o(.constdata)
    .constdata                               0x300d9c00   Section      216  sys_init.o(.constdata)
    .constdata                               0x300d9cd8   Section        8  _printf_wctomb.o(.constdata)
    initial_mbstate                          0x300d9cd8   Data           8  _printf_wctomb.o(.constdata)
    .constdata                               0x300d9ce0   Section       40  _printf_hex_int_ll_ptr.o(.constdata)
    uc_hextab                                0x300d9ce0   Data          20  _printf_hex_int_ll_ptr.o(.constdata)
    lc_hextab                                0x300d9cf4   Data          20  _printf_hex_int_ll_ptr.o(.constdata)
    .constdata                               0x300d9d08   Section       17  __printf_flags_ss_wp.o(.constdata)
    maptable                                 0x300d9d08   Data          17  __printf_flags_ss_wp.o(.constdata)
    .constdata                               0x300d9d20   Section       48  cos_i.o(.constdata)
    C                                        0x300d9d20   Data          48  cos_i.o(.constdata)
    .constdata                               0x300d9d50   Section      200  rred.o(.constdata)
    pio2s                                    0x300d9d50   Data          48  rred.o(.constdata)
    twooverpi                                0x300d9d80   Data         152  rred.o(.constdata)
    .constdata                               0x300d9e18   Section       40  sin_i.o(.constdata)
    S                                        0x300d9e18   Data          40  sin_i.o(.constdata)
    .constdata                               0x300d9e40   Section      148  bigflt0.o(.constdata)
    tenpwrs_x                                0x300d9e40   Data          60  bigflt0.o(.constdata)
    tenpwrs_i                                0x300d9e7c   Data          64  bigflt0.o(.constdata)
    locale$$data                             0x300d9ef4   Section      272  lc_ctype_c.o(locale$$data)
    __lcctype_c_name                         0x300d9ef8   Data           2  lc_ctype_c.o(locale$$data)
    __lcctype_c_start                        0x300d9f00   Data           0  lc_ctype_c.o(locale$$data)
    locale$$data                             0x300da004   Section       28  lc_numeric_c.o(locale$$data)
    __lcctype_c_end                          0x300da004   Data           0  lc_ctype_c.o(locale$$data)
    __lcnum_c_name                           0x300da008   Data           2  lc_numeric_c.o(locale$$data)
    __lcnum_c_start                          0x300da010   Data           0  lc_numeric_c.o(locale$$data)
    __lcnum_c_point                          0x300da01c   Data           0  lc_numeric_c.o(locale$$data)
    __lcnum_c_thousands                      0x300da01e   Data           0  lc_numeric_c.o(locale$$data)
    __lcnum_c_grouping                       0x300da01f   Data           0  lc_numeric_c.o(locale$$data)
    __lcnum_c_end                            0x300da020   Data           0  lc_numeric_c.o(locale$$data)
    .data                                    0x30200000   Section       28  lcd.o(.data)
    .data                                    0x3020001c   Section       60  lcdlib.o(.data)
    .data                                    0x30200058   Section        8  glib.o(.data)
    .data                                    0x30200060   Section        9  2410lib.o(.data)
    delayLoopCount                           0x30200060   Data           4  2410lib.o(.data)
    .data                                    0x3020006c   Section        4  sys_init.o(.data)
    .bss                                     0x30200070   Section       96  libspace.o(.bss)
    HEAP                                     0x302000d0   Section    18432  s3c2410a.o(HEAP)
    Heap_Mem                                 0x302000d0   Data       18432  s3c2410a.o(HEAP)
    STACK                                    0x302048d0   Section    40960  s3c2410a.o(STACK)
    Stack_Mem                                0x302048d0   Data       40960  s3c2410a.o(STACK)
    Stack_Top                                0x3020e8d0   Data           0  s3c2410a.o(STACK)

    Global Symbols

    Symbol Name                              Value     Ov Type        Size  Object(Section)

    BuildAttributes$$THM_ISAv1$ARM_ISAv4$S$PE$A:L22$X:L11$S22$IEEE1$IW$USESV6$~STKCKD$USESV7$~SHL$OTIME$ROPI$IEEEX$EBA8$UX$STANDARDLIB$REQ8$PRES8$EABIv2 0x00000000   Number         0  anon$$obj.o ABSOLUTE
    __ARM_use_no_argv                        0x00000000   Number         0  main.o ABSOLUTE
    _printf_flags                            0x00000000   Number         0  printf_stubs.o ABSOLUTE
    _printf_return_value                     0x00000000   Number         0  printf_stubs.o ABSOLUTE
    _printf_sizespec                         0x00000000   Number         0  printf_stubs.o ABSOLUTE
    _printf_widthprec                        0x00000000   Number         0  printf_stubs.o ABSOLUTE
    __ARM_exceptions_init                     - Undefined Weak Reference
    __alloca_initialize                       - Undefined Weak Reference
    __cpp_initialize__aeabi_                  - Undefined Weak Reference
    __cxa_finalize                            - Undefined Weak Reference
    __sigvec_lookup                           - Undefined Weak Reference
    _atexit_init                              - Undefined Weak Reference
    _call_atexit_fns                          - Undefined Weak Reference
    _clock_init                               - Undefined Weak Reference
    _fp_trap_init                             - Undefined Weak Reference
    _fp_trap_shutdown                         - Undefined Weak Reference
    _get_lc_collate                           - Undefined Weak Reference
    _get_lc_monetary                          - Undefined Weak Reference
    _get_lc_time                              - Undefined Weak Reference
    _getenv_init                              - Undefined Weak Reference
    _handle_redirection                       - Undefined Weak Reference
    _init_alloc                               - Undefined Weak Reference
    _init_user_alloc                          - Undefined Weak Reference
    _initio                                   - Undefined Weak Reference
    _printf_fp_hex                            - Undefined Weak Reference
    _printf_mbtowc                            - Undefined Weak Reference
    _printf_wc                                - Undefined Weak Reference
    _rand_init                                - Undefined Weak Reference
    _signal_finish                            - Undefined Weak Reference
    _signal_init                              - Undefined Weak Reference
    _terminate_alloc                          - Undefined Weak Reference
    _terminate_user_alloc                     - Undefined Weak Reference
    _terminateio                              - Undefined Weak Reference
    Reset_Handler                            0x30000104   ARM Code       0  s3c2410a.o(RESET)
    __main                                   0x300001e8   ARM Code       8  __main.o(!!!main)
    __scatterload                            0x300001f0   ARM Code       0  __scatter.o(!!!scatter)
    __scatterload_rt2                        0x300001f0   ARM Code      52  __scatter.o(!!!scatter)
    __scatterload_null                       0x30000204   ARM Code       0  __scatter.o(!!!scatter)
    __scatterload_copy                       0x3000022c   ARM Code      40  __scatter_copy.o(!!handler_copy)
    __scatterload_zeroinit                   0x30000254   ARM Code      44  __scatter_zi.o(!!handler_zi)
    Inline Thumb to ARM Veneer to _printf_percent 0x30000281   Thumb Code     4  _printf_percent.o(.ARM.Collect$$_printf_percent$$00000000)
    _printf_n                                0x30000284   ARM Code       0  _printf_n.o(.ARM.Collect$$_printf_percent$$00000001)
    _printf_percent                          0x30000284   ARM Code       0  _printf_percent.o(.ARM.Collect$$_printf_percent$$00000000)
    _printf_p                                0x3000028c   ARM Code       0  _printf_p.o(.ARM.Collect$$_printf_percent$$00000002)
    _printf_f                                0x30000294   ARM Code       0  _printf_f.o(.ARM.Collect$$_printf_percent$$00000003)
    _printf_e                                0x3000029c   ARM Code       0  _printf_e.o(.ARM.Collect$$_printf_percent$$00000004)
    _printf_g                                0x300002a4   ARM Code       0  _printf_g.o(.ARM.Collect$$_printf_percent$$00000005)
    _printf_a                                0x300002ac   ARM Code       0  _printf_a.o(.ARM.Collect$$_printf_percent$$00000006)
    _printf_ll                               0x300002b4   ARM Code       0  _printf_ll.o(.ARM.Collect$$_printf_percent$$00000007)
    _printf_i                                0x300002c0   ARM Code       0  _printf_i.o(.ARM.Collect$$_printf_percent$$00000008)
    _printf_d                                0x300002c8   ARM Code       0  _printf_d.o(.ARM.Collect$$_printf_percent$$00000009)
    _printf_u                                0x300002d0   ARM Code       0  _printf_u.o(.ARM.Collect$$_printf_percent$$0000000A)
    _printf_o                                0x300002d8   ARM Code       0  _printf_o.o(.ARM.Collect$$_printf_percent$$0000000B)
    _printf_x                                0x300002e0   ARM Code       0  _printf_x.o(.ARM.Collect$$_printf_percent$$0000000C)
    _printf_lli                              0x300002e8   ARM Code       0  _printf_lli.o(.ARM.Collect$$_printf_percent$$0000000D)
    _printf_lld                              0x300002f0   ARM Code       0  _printf_lld.o(.ARM.Collect$$_printf_percent$$0000000E)
    _printf_llu                              0x300002f8   ARM Code       0  _printf_llu.o(.ARM.Collect$$_printf_percent$$0000000F)
    _printf_llo                              0x30000300   ARM Code       0  _printf_llo.o(.ARM.Collect$$_printf_percent$$00000010)
    _printf_llx                              0x30000308   ARM Code       0  _printf_llx.o(.ARM.Collect$$_printf_percent$$00000011)
    _printf_l                                0x30000310   ARM Code       0  _printf_l.o(.ARM.Collect$$_printf_percent$$00000012)
    _printf_c                                0x3000031c   ARM Code       0  _printf_c.o(.ARM.Collect$$_printf_percent$$00000013)
    _printf_s                                0x30000324   ARM Code       0  _printf_s.o(.ARM.Collect$$_printf_percent$$00000014)
    _printf_lc                               0x3000032c   ARM Code       0  _printf_lc.o(.ARM.Collect$$_printf_percent$$00000015)
    _printf_ls                               0x30000334   ARM Code       0  _printf_ls.o(.ARM.Collect$$_printf_percent$$00000016)
    _printf_percent_end                      0x3000033c   ARM Code       0  _printf_percent_end.o(.ARM.Collect$$_printf_percent$$00000017)
    Inline ARM to Thumb Veneer to __rt_lib_init 0x30000344   ARM Code       8  libinit.o(.ARM.Collect$$libinit$$00000000)
    __rt_lib_init                            0x3000034d   Thumb Code     0  libinit.o(.ARM.Collect$$libinit$$00000000)
    __rt_lib_init_fp_1                       0x3000034f   Thumb Code     0  libinit2.o(.ARM.Collect$$libinit$$00000002)
    __rt_lib_init_heap_1                     0x3000034f   Thumb Code     0  libinit2.o(.ARM.Collect$$libinit$$00000008)
    __rt_lib_init_lc_common                  0x3000034f   Thumb Code     0  libinit2.o(.ARM.Collect$$libinit$$0000000D)
    __rt_lib_init_rand_1                     0x3000034f   Thumb Code     0  libinit2.o(.ARM.Collect$$libinit$$0000000C)
    __rt_lib_init_user_alloc_1               0x3000034f   Thumb Code     0  libinit2.o(.ARM.Collect$$libinit$$0000000A)
    __rt_lib_init_lc_collate_1               0x30000355   Thumb Code     0  libinit2.o(.ARM.Collect$$libinit$$0000000F)
    __rt_lib_init_lc_ctype_2                 0x30000355   Thumb Code     0  libinit2.o(.ARM.Collect$$libinit$$00000010)
    __rt_lib_init_lc_ctype_1                 0x30000361   Thumb Code     0  libinit2.o(.ARM.Collect$$libinit$$00000011)
    __rt_lib_init_lc_monetary_1              0x30000361   Thumb Code     0  libinit2.o(.ARM.Collect$$libinit$$00000013)
    __rt_lib_init_lc_numeric_2               0x30000361   Thumb Code     0  libinit2.o(.ARM.Collect$$libinit$$00000014)
    __rt_lib_init_alloca_1                   0x3000036b   Thumb Code     0  libinit2.o(.ARM.Collect$$libinit$$0000002C)
    __rt_lib_init_argv_1                     0x3000036b   Thumb Code     0  libinit2.o(.ARM.Collect$$libinit$$0000002A)
    __rt_lib_init_atexit_1                   0x3000036b   Thumb Code     0  libinit2.o(.ARM.Collect$$libinit$$00000019)
    __rt_lib_init_clock_1                    0x3000036b   Thumb Code     0  libinit2.o(.ARM.Collect$$libinit$$0000001F)
    __rt_lib_init_cpp_1                      0x3000036b   Thumb Code     0  libinit2.o(.ARM.Collect$$libinit$$00000030)
    __rt_lib_init_exceptions_1               0x3000036b   Thumb Code     0  libinit2.o(.ARM.Collect$$libinit$$0000002E)
    __rt_lib_init_fp_trap_1                  0x3000036b   Thumb Code     0  libinit2.o(.ARM.Collect$$libinit$$0000001D)
    __rt_lib_init_getenv_1                   0x3000036b   Thumb Code     0  libinit2.o(.ARM.Collect$$libinit$$00000021)
    __rt_lib_init_lc_numeric_1               0x3000036b   Thumb Code     0  libinit2.o(.ARM.Collect$$libinit$$00000015)
    __rt_lib_init_lc_time_1                  0x3000036b   Thumb Code     0  libinit2.o(.ARM.Collect$$libinit$$00000017)
    __rt_lib_init_return                     0x3000036b   Thumb Code     0  libinit2.o(.ARM.Collect$$libinit$$00000031)
    __rt_lib_init_signal_1                   0x3000036b   Thumb Code     0  libinit2.o(.ARM.Collect$$libinit$$0000001B)
    __rt_lib_init_stdio_1                    0x3000036b   Thumb Code     0  libinit2.o(.ARM.Collect$$libinit$$00000023)
    Inline ARM to Thumb Veneer to __rt_lib_shutdown 0x30000378   ARM Code       8  libshutdown.o(.ARM.Collect$$libshutdown$$00000000)
    __rt_lib_shutdown                        0x30000381   Thumb Code     0  libshutdown.o(.ARM.Collect$$libshutdown$$00000000)
    __rt_lib_shutdown_fp_trap_1              0x30000385   Thumb Code     0  libshutdown2.o(.ARM.Collect$$libshutdown$$00000006)
    __rt_lib_shutdown_heap_1                 0x30000385   Thumb Code     0  libshutdown2.o(.ARM.Collect$$libshutdown$$0000000E)
    __rt_lib_shutdown_return                 0x30000385   Thumb Code     0  libshutdown2.o(.ARM.Collect$$libshutdown$$0000000F)
    __rt_lib_shutdown_signal_1               0x30000385   Thumb Code     0  libshutdown2.o(.ARM.Collect$$libshutdown$$00000009)
    __rt_lib_shutdown_stdio_1                0x30000385   Thumb Code     0  libshutdown2.o(.ARM.Collect$$libshutdown$$00000003)
    __rt_lib_shutdown_user_alloc_1           0x30000385   Thumb Code     0  libshutdown2.o(.ARM.Collect$$libshutdown$$0000000B)
    __rt_entry                               0x3000038c   ARM Code       0  rtentry.o(.ARM.Collect$$rtentry$$00000000)
    __rt_entry_presh_1                       0x3000038c   ARM Code       0  rtentry2.o(.ARM.Collect$$rtentry$$00000002)
    __rt_entry_sh                            0x3000038c   ARM Code       0  rtentry4.o(.ARM.Collect$$rtentry$$00000004)
    __rt_entry_li                            0x30000394   ARM Code       0  rtentry2.o(.ARM.Collect$$rtentry$$0000000A)
    __rt_entry_postsh_1                      0x30000394   ARM Code       0  rtentry2.o(.ARM.Collect$$rtentry$$00000009)
    __rt_entry_main                          0x30000398   ARM Code       0  rtentry2.o(.ARM.Collect$$rtentry$$0000000D)
    __rt_entry_postli_1                      0x30000398   ARM Code       0  rtentry2.o(.ARM.Collect$$rtentry$$0000000C)
    Inline Thumb to ARM Veneer to __rt_exit  0x300003c1   Thumb Code     4  rtexit.o(.ARM.Collect$$rtexit$$00000000)
    __rt_exit                                0x300003c4   ARM Code       0  rtexit.o(.ARM.Collect$$rtexit$$00000000)
    __rt_exit_ls                             0x300003c8   ARM Code       0  rtexit2.o(.ARM.Collect$$rtexit$$00000003)
    __rt_exit_prels_1                        0x300003c8   ARM Code       0  rtexit2.o(.ARM.Collect$$rtexit$$00000002)
    __rt_exit_exit                           0x300003cc   ARM Code       0  rtexit2.o(.ARM.Collect$$rtexit$$00000004)
    __user_initial_stackheap                 0x300003d4   ARM Code       0  s3c2410a.o(.text)
    Lcd_port_init                            0x300003f8   ARM Code     152  lcd.o(.text)
    Lcd_Port_Return                          0x30000490   ARM Code      80  lcd.o(.text)
    Lcd_Palette1Bit_Init                     0x300004e0   ARM Code      24  lcd.o(.text)
    Lcd_Palette8Bit_Init                     0x300004f8   ARM Code      64  lcd.o(.text)
    Lcd_Int_Frame                            0x30000538   ARM Code     136  lcd.o(.text)
    Lcd_Int_Fifo                             0x300005c0   ARM Code     236  lcd.o(.text)
    Test_Lcd_Stn_1Bit                        0x300006ac   ARM Code     872  lcd.o(.text)
    Test_Lcd_Stn_2Bit                        0x30000a14   ARM Code    1020  lcd.o(.text)
    Test_Lcd_Stn_4Bit                        0x30000e10   ARM Code    1032  lcd.o(.text)
    Test_Lcd_Cstn_8Bit                       0x30001218   ARM Code    1064  lcd.o(.text)
    Test_Lcd_Cstn_8Bit_On                    0x30001640   ARM Code     220  lcd.o(.text)
    Test_Lcd_Cstn_12Bit                      0x3000171c   ARM Code    1264  lcd.o(.text)
    Test_Lcd_Tft_8Bit_240320                 0x30001c0c   ARM Code    1140  lcd.o(.text)
    Test_Lcd_Tft_16Bit_240320                0x30002080   ARM Code    1004  lcd.o(.text)
    Test_Lcd_Tft_8Bit_240320_On              0x3000246c   ARM Code     160  lcd.o(.text)
    Test_Lcd_Tft_8Bit_240320_Bmp             0x3000250c   ARM Code     188  lcd.o(.text)
    Test_Lcd_Tft_8Bit_240320_IntFr           0x300025c8   ARM Code     328  lcd.o(.text)
    Test_Lcd_Tft_8Bit_240320_IntFi           0x30002710   ARM Code     332  lcd.o(.text)
    Lcd_Int_Fifo_640480                      0x3000285c   ARM Code     148  lcd.o(.text)
    Test_Lcd_Tft_1Bit_640480                 0x300028f0   ARM Code    1028  lcd.o(.text)
    Test_Lcd_Tft_8Bit_640480                 0x30002cf4   ARM Code    1376  lcd.o(.text)
    Test_Lcd_Tft_8Bit_640480_Palette         0x30003254   ARM Code     356  lcd.o(.text)
    Test_Lcd_Tft_8Bit_640480_Bswp            0x300033b8   ARM Code     656  lcd.o(.text)
    Test_Lcd_Tft_16Bit_640480                0x30003648   ARM Code    1216  lcd.o(.text)
    Test_Lcd_Tft_16Bit_640480_Hwswp          0x30003b08   ARM Code     364  lcd.o(.text)
    Test_Lcd_Tft_1Bit_800600                 0x30003c74   ARM Code     912  lcd.o(.text)
    Test_Lcd_Tft_8Bit_800600                 0x30004004   ARM Code     796  lcd.o(.text)
    Lcd_Init                                 0x30004328   ARM Code    2772  lcdlib.o(.text)
    Lcd_CstnOnOff                            0x30004dfc   ARM Code     120  lcdlib.o(.text)
    Lcd_EnvidOnOff                           0x30004e74   ARM Code      60  lcdlib.o(.text)
    Lcd_Lpc3600Enable                        0x30004eb0   ARM Code      40  lcdlib.o(.text)
    Lcd_PowerEnable                          0x30004ed8   ARM Code      84  lcdlib.o(.text)
    Lcd_MoveViewPort                         0x30004f2c   ARM Code    1932  lcdlib.o(.text)
    MoveViewPort                             0x300056b8   ARM Code     940  lcdlib.o(.text)
    main                                     0x30005a80   ARM Code      16  main.o(.text)
    lcd_init_app                             0x30005a90   ARM Code      72  color_lcd_test.o(.text)
    lcd_init_app_end                         0x30005ad8   ARM Code      24  color_lcd_test.o(.text)
    Lcd_Draw_Line                            0x30005af0   ARM Code    1032  color_lcd_test.o(.text)
    color_lcd_test                           0x30005ef8   ARM Code     424  color_lcd_test.o(.text)
    BitmapViewTft16Bit_800600                0x300060ec   ARM Code       4  glib.o(.text)
    _PutTft16Bit_800600                      0x300060f0   ARM Code     120  glib.o(.text)
    BitmapViewTft8Bit_800600                 0x30006168   ARM Code       4  glib.o(.text)
    _PutTft8Bit_800600                       0x3000616c   ARM Code     120  glib.o(.text)
    BitmapViewTft1Bit_800600                 0x300061e4   ARM Code       4  glib.o(.text)
    _PutTft1Bit_800600                       0x300061e8   ARM Code     112  glib.o(.text)
    BitmapViewTft24Bit_640480                0x30006258   ARM Code       4  glib.o(.text)
    _PutTft24Bit_640480                      0x3000625c   ARM Code      56  glib.o(.text)
    BitmapViewTft16Bit_800480                0x30006294   ARM Code     104  glib.o(.text)
    _PutTft16Bit_800480                      0x300062fc   ARM Code     120  glib.o(.text)
    BitmapViewTft16Bit_640480                0x30006374   ARM Code     104  glib.o(.text)
    _PutTft16Bit_640480                      0x300063dc   ARM Code     112  glib.o(.text)
    BitmapViewTft8Bit_640480                 0x3000644c   ARM Code       4  glib.o(.text)
    _PutTft8Bit_640480                       0x30006450   ARM Code     112  glib.o(.text)
    BitmapViewTft1Bit_640480                 0x300064c0   ARM Code       4  glib.o(.text)
    _PutTft1Bit_640480                       0x300064c4   ARM Code     104  glib.o(.text)
    BitmapViewTft16Bit_240320                0x3000652c   ARM Code       4  glib.o(.text)
    _PutTft16Bit_240320                      0x30006530   ARM Code     112  glib.o(.text)
    BitmapViewTft8Bit_240320                 0x300065a0   ARM Code       4  glib.o(.text)
    _PutTft8Bit_240320                       0x300065a4   ARM Code     112  glib.o(.text)
    BitmapViewCstn12Bit                      0x30006614   ARM Code       4  glib.o(.text)
    _PutCstn12Bit                            0x30006618   ARM Code     524  glib.o(.text)
    BitmapViewCstn8Bit                       0x30006824   ARM Code     104  glib.o(.text)
    _PutCstn8Bit                             0x3000688c   ARM Code     112  glib.o(.text)
    BitmapViewStn4Bit                        0x300068fc   ARM Code       4  glib.o(.text)
    _PutStn4Bit                              0x30006900   ARM Code     112  glib.o(.text)
    BitmapViewStn2Bit                        0x30006970   ARM Code       4  glib.o(.text)
    _PutStn2Bit                              0x30006974   ARM Code     112  glib.o(.text)
    BitmapViewStn1Bit                        0x300069e4   ARM Code       4  glib.o(.text)
    _PutStn1Bit                              0x300069e8   ARM Code     104  glib.o(.text)
    Glib_Init                                0x30006a50   ARM Code     676  glib.o(.text)
    Glib_Line                                0x30006cf4   ARM Code     888  glib.o(.text)
    Glib_Rectangle                           0x3000706c   ARM Code     128  glib.o(.text)
    Glib_FilledRectangle                     0x300070ec   ARM Code      76  glib.o(.text)
    Glib_ClearScr                            0x30007138   ARM Code     432  glib.o(.text)
    port_init                                0x300072e8   ARM Code     160  2410lib.o(.text)
    uart_change_baud                         0x30007388   ARM Code     216  2410lib.o(.text)
    delay                                    0x30007460   ARM Code     180  2410lib.o(.text)
    uart_init                                0x30007514   ARM Code     492  2410lib.o(.text)
    uart_select                              0x30007700   ARM Code      12  2410lib.o(.text)
    uart_txempty                             0x3000770c   ARM Code      96  2410lib.o(.text)
    uart_getch                               0x3000776c   ARM Code     152  2410lib.o(.text)
    uart_getkey                              0x30007804   ARM Code     164  2410lib.o(.text)
    uart_sendbyte                            0x300078a8   ARM Code     324  2410lib.o(.text)
    uart_sendstring                          0x300079ec   ARM Code      40  2410lib.o(.text)
    uart_printf                              0x30007a14   ARM Code      64  2410lib.o(.text)
    uart_getstring                           0x30007a54   ARM Code     100  2410lib.o(.text)
    uart_getintnum                           0x30007ab8   ARM Code     460  2410lib.o(.text)
    timer_start                              0x30007c84   ARM Code      60  2410lib.o(.text)
    timer_stop                               0x30007cc0   ARM Code      32  2410lib.o(.text)
    change_value_MPLL                        0x30007ce0   ARM Code      24  2410lib.o(.text)
    change_clock_divider                     0x30007cf8   ARM Code      16  2410lib.o(.text)
    ChangeUPllValue                          0x30007d08   ARM Code      24  2410lib.o(.text)
    EnableMMU                                0x30007d20   ARM Code      36  2410lib.o(.text)
    InitMMU                                  0x30007d44   ARM Code     152  2410lib.o(.text)
    __gccmain                                0x30007ddc   ARM Code       4  2410lib.o(.text)
    break_point                              0x30007de8   ARM Code      20  sys_init.o(.text)
    debug_undef                              0x30007dfc   ARM Code      48  sys_init.o(.text)
    debug_swi                                0x30007e2c   ARM Code      48  sys_init.o(.text)
    debug_abort_d                            0x30007e5c   ARM Code      48  sys_init.o(.text)
    debug_abort_p                            0x30007e8c   ARM Code      48  sys_init.o(.text)
    debug_fiq                                0x30007ebc   ARM Code      48  sys_init.o(.text)
    interrupts_init                          0x30007eec   ARM Code     608  sys_init.o(.text)
    beep_init                                0x3000814c   ARM Code      56  sys_init.o(.text)
    print_infor                              0x30008184   ARM Code      52  sys_init.o(.text)
    sys_init                                 0x300081b8   ARM Code     132  sys_init.o(.text)
    Inline Thumb to ARM Veneer to __rt_ctype_table 0x3000825d   Thumb Code     4  rt_ctype_table.o(.text)
    __rt_ctype_table                         0x30008260   ARM Code      24  rt_ctype_table.o(.text)
    Inline ARM to Thumb Veneer to __c89vsprintf 0x30008278   ARM Code       8  c89vsprintf.o(.text)
    __c89vsprintf                            0x30008281   Thumb Code    36  c89vsprintf.o(.text)
    Inline ARM to Thumb Veneer to atoi       0x300082a8   ARM Code       8  atoi.o(.text)
    atoi                                     0x300082b1   Thumb Code    30  atoi.o(.text)
    Inline ARM to Thumb Veneer to strlen     0x300082d0   ARM Code       8  strlen.o(.text)
    strlen                                   0x300082d9   Thumb Code    64  strlen.o(.text)
    Inline Thumb to ARM Veneer to __aeabi_idivmod 0x3000831d   Thumb Code     4  aeabi_sdiv.o(.text)
    __aeabi_idiv                             0x30008320   ARM Code       0  aeabi_sdiv.o(.text)
    __aeabi_idivmod                          0x30008320   ARM Code     384  aeabi_sdiv.o(.text)
    __use_two_region_memory                  0x300084a1   Thumb Code     2  heapauxi.o(.text)
    __rt_heap_escrow$2region                 0x300084a3   Thumb Code     2  heapauxi.o(.text)
    __rt_heap_expand$2region                 0x300084a5   Thumb Code     2  heapauxi.o(.text)
    Inline Thumb to ARM Veneer to __rt_locale 0x300084a9   Thumb Code     4  rt_locale_intlibspace.o(.text)
    __rt_locale                              0x300084ac   ARM Code      12  rt_locale_intlibspace.o(.text)
    Inline Thumb to ARM Veneer to __aeabi_errno_addr 0x300084b9   Thumb Code     4  rt_errno_addr_intlibspace.o(.text)
    __aeabi_errno_addr                       0x300084bc   ARM Code      12  rt_errno_addr_intlibspace.o(.text)
    __errno$intlibspace                      0x300084bc   ARM Code       0  rt_errno_addr_intlibspace.o(.text)
    __rt_errno_addr$intlibspace              0x300084bc   ARM Code       0  rt_errno_addr_intlibspace.o(.text)
    Inline ARM to Thumb Veneer to __set_errno 0x300084c8   ARM Code       8  _rserrno.o(.text)
    __read_errno                             0x300084d1   Thumb Code    14  _rserrno.o(.text)
    __set_errno                              0x300084df   Thumb Code    12  _rserrno.o(.text)
    _printf_pre_padding                      0x300084eb   Thumb Code    50  _printf_pad.o(.text)
    _printf_post_padding                     0x3000851d   Thumb Code    36  _printf_pad.o(.text)
    _printf_truncate_signed                  0x30008541   Thumb Code    22  _printf_truncate.o(.text)
    _printf_truncate_unsigned                0x30008557   Thumb Code    22  _printf_truncate.o(.text)
    _printf_str                              0x3000856d   Thumb Code    88  _printf_str.o(.text)
    Inline ARM to Thumb Veneer to _printf_int_dec 0x300085c4   ARM Code       8  _printf_dec.o(.text)
    _printf_int_dec                          0x300085cd   Thumb Code    94  _printf_dec.o(.text)
    Inline ARM to Thumb Veneer to _printf_charcount 0x3000863c   ARM Code       8  _printf_charcount.o(.text)
    _printf_charcount                        0x30008645   Thumb Code    40  _printf_charcount.o(.text)
    _printf_char_common                      0x30008677   Thumb Code    34  _printf_char_common.o(.text)
    _sputc                                   0x3000869d   Thumb Code    10  _sputc.o(.text)
    _printf_wctomb                           0x300086a9   Thumb Code   188  _printf_wctomb.o(.text)
    Inline ARM to Thumb Veneer to _printf_longlong_dec 0x30008768   ARM Code       8  _printf_longlong_dec.o(.text)
    _printf_longlong_dec                     0x30008771   Thumb Code    98  _printf_longlong_dec.o(.text)
    Inline ARM to Thumb Veneer to _printf_int_oct 0x300087e4   ARM Code       8  _printf_oct_int_ll.o(.text)
    _printf_longlong_oct                     0x300087ed   Thumb Code    72  _printf_oct_int_ll.o(.text)
    _printf_int_oct                          0x30008835   Thumb Code    28  _printf_oct_int_ll.o(.text)
    _printf_ll_oct                           0x30008851   Thumb Code    10  _printf_oct_int_ll.o(.text)
    Inline ARM to Thumb Veneer to _printf_hex_ptr 0x30008864   ARM Code       8  _printf_hex_int_ll_ptr.o(.text)
    _printf_longlong_hex                     0x3000886d   Thumb Code    92  _printf_hex_int_ll_ptr.o(.text)
    _printf_int_hex                          0x300088c9   Thumb Code    32  _printf_hex_int_ll_ptr.o(.text)
    _printf_ll_hex                           0x300088e9   Thumb Code    10  _printf_hex_int_ll_ptr.o(.text)
    _printf_hex_ptr                          0x300088f3   Thumb Code    22  _printf_hex_int_ll_ptr.o(.text)
    __printf                                 0x3000890d   Thumb Code   406  __printf_flags_ss_wp.o(.text)
    strtol                                   0x30008aa9   Thumb Code   112  strtol.o(.text)
    __user_libspace                          0x30008b1c   ARM Code      12  libspace.o(.text)
    __user_perproc_libspace                  0x30008b1c   ARM Code       0  libspace.o(.text)
    __user_perthread_libspace                0x30008b1c   ARM Code       0  libspace.o(.text)
    Inline Thumb to ARM Veneer to _ll_udiv10 0x30008b29   Thumb Code     4  lludiv10.o(.text)
    _ll_udiv10                               0x30008b2c   ARM Code     160  lludiv10.o(.text)
    _printf_int_common                       0x30008bcd   Thumb Code   186  _printf_intcommon.o(.text)
    __lib_sel_fp_printf                      0x30008c89   Thumb Code     2  _printf_fp_dec.o(.text)
    _printf_fp_dec_real                      0x30008e29   Thumb Code   626  _printf_fp_dec.o(.text)
    Inline ARM to Thumb Veneer to _printf_char 0x300090a8   ARM Code       8  _printf_char.o(.text)
    _printf_cs_common                        0x300090b1   Thumb Code    26  _printf_char.o(.text)
    _printf_char                             0x300090cb   Thumb Code    16  _printf_char.o(.text)
    _printf_string                           0x300090db   Thumb Code     8  _printf_char.o(.text)
    Inline ARM to Thumb Veneer to _printf_wchar 0x300090e4   ARM Code       8  _printf_wchar.o(.text)
    _printf_lcs_common                       0x300090ed   Thumb Code    26  _printf_wchar.o(.text)
    _printf_wchar                            0x30009107   Thumb Code    16  _printf_wchar.o(.text)
    _printf_wstring                          0x30009117   Thumb Code     8  _printf_wchar.o(.text)
    _strtoul                                 0x3000911f   Thumb Code   172  _strtoul.o(.text)
    _wcrtomb                                 0x300091cb   Thumb Code    74  _wcrtomb.o(.text)
    strcmp                                   0x30009214   ARM Code     156  strcmp.o(.text)
    Inline Thumb to ARM Veneer to __rt_udiv10 0x300092b5   Thumb Code     4  rtudiv10.o(.text)
    __rt_udiv10                              0x300092b8   ARM Code      44  rtudiv10.o(.text)
    __user_setup_stackheap                   0x300092e4   ARM Code      96  sys_stackheap_outer.o(.text)
    _printf_fp_infnan                        0x30009345   Thumb Code   128  _printf_fp_infnan.o(.text)
    _chval                                   0x300093d5   Thumb Code    30  _chval.o(.text)
    _btod_etento                             0x300093f5   Thumb Code   210  bigflt0.o(.text)
    exit                                     0x300094cd   Thumb Code    12  exit.o(.text)
    Inline ARM to Thumb Veneer to _sys_exit  0x300094d8   ARM Code       8  sys_exit.o(.text)
    _sys_exit                                0x300094e1   Thumb Code     8  sys_exit.o(.text)
    __I$use$semihosting                      0x300094ec   ARM Code       0  use_no_semi.o(.text)
    __use_no_semihosting_swi                 0x300094ec   ARM Code       4  use_no_semi.o(.text)
    __aeabi_uidiv                            0x300094f0   ARM Code       0  aeabi_sdiv.o(.text_udiv)
    __aeabi_uidivmod                         0x300094f0   ARM Code      36  aeabi_sdiv.o(.text_udiv)
    __semihosting_library_function           0x300094f0   ARM Code       0  indicate_semi.o(.text)
    Inline Thumb to ARM Veneer to _btod_d2e  0x30009515   Thumb Code     4  btod.o(CL$$btod_d2e)
    _btod_d2e                                0x30009518   ARM Code      56  btod.o(CL$$btod_d2e)
    _d2e_denorm_low                          0x30009550   ARM Code      84  btod.o(CL$$btod_d2e_denorm_low)
    _d2e_norm_op1                            0x300095a4   ARM Code     104  btod.o(CL$$btod_d2e_norm_op1)
    __btod_div_common                        0x3000960c   ARM Code     716  btod.o(CL$$btod_div_common)
    _e2e                                     0x30009958   ARM Code     220  btod.o(CL$$btod_e2e)
    Inline Thumb to ARM Veneer to _btod_ediv 0x30009a35   Thumb Code     4  btod.o(CL$$btod_ediv)
    _btod_ediv                               0x30009a38   ARM Code      52  btod.o(CL$$btod_ediv)
    Inline Thumb to ARM Veneer to _btod_emul 0x30009a6d   Thumb Code     4  btod.o(CL$$btod_emul)
    _btod_emul                               0x30009a70   ARM Code      52  btod.o(CL$$btod_emul)
    __btod_mult_common                       0x30009aa4   ARM Code     616  btod.o(CL$$btod_mult_common)
    Long ARM to Thumb Veneer to _printf_int_hex 0x30009d0c   ARM Code      12  anon$$obj.o(Veneer$$Code)
    Long ARM to Thumb Veneer to _printf_ll_oct 0x30009d18   ARM Code      12  anon$$obj.o(Veneer$$Code)
    Long ARM to Thumb Veneer to _printf_ll_hex 0x30009d24   ARM Code      12  anon$$obj.o(Veneer$$Code)
    Long ARM to Thumb Veneer to _printf_string 0x30009d30   ARM Code      12  anon$$obj.o(Veneer$$Code)
    Long ARM to Thumb Veneer to _printf_wstring 0x30009d3c   ARM Code      12  anon$$obj.o(Veneer$$Code)
    Long ARM to Thumb Veneer to _printf_fp_dec_real 0x30009d48   ARM Code      12  anon$$obj.o(Veneer$$Code)
    __ARM_common_call_via_r1                 0x30009d55   Thumb Code     2  __printf.o(i.__ARM_common_call_via_r1)
    __ARM_common_call_via_r2                 0x30009d57   Thumb Code     2  _printf_wctomb.o(i.__ARM_common_call_via_r2)
    __ARM_common_call_via_r3                 0x30009d59   Thumb Code     2  _wcrtomb.o(i.__ARM_common_call_via_r3)
    Inline Thumb to ARM Veneer to __ARM_fpclassify 0x30009d5d   Thumb Code     4  fpclassify.o(i.__ARM_fpclassify)
    __ARM_fpclassify                         0x30009d60   ARM Code      48  fpclassify.o(i.__ARM_fpclassify)
    __ieee754_rem_pio2                       0x30009d90   ARM Code    1208  rred.o(i.__ieee754_rem_pio2)
    __kernel_cos                             0x3000a288   ARM Code     404  cos_i.o(i.__kernel_cos)
    __kernel_poly                            0x3000a424   ARM Code     256  poly.o(i.__kernel_poly)
    __kernel_sin                             0x3000a524   ARM Code     368  sin_i.o(i.__kernel_sin)
    __mathlib_dbl_underflow                  0x3000a6a0   ARM Code      20  dunder.o(i.__mathlib_dbl_underflow)
    _is_digit                                0x3000a6b5   Thumb Code    14  __printf_wp.o(i._is_digit)
    sin                                      0x3000a6c4   ARM Code     256  sin.o(i.sin)
    Inline Thumb to ARM Veneer to _get_lc_ctype 0x3000a7c9   Thumb Code     4  lc_ctype_c.o(locale$$code)
    _get_lc_ctype                            0x3000a7cc   ARM Code      80  lc_ctype_c.o(locale$$code)
    Inline Thumb to ARM Veneer to _get_lc_numeric 0x3000a81d   Thumb Code     4  lc_numeric_c.o(locale$$code)
    _get_lc_numeric                          0x3000a820   ARM Code      80  lc_numeric_c.o(locale$$code)
    __aeabi_d2f                              0x3000a870   ARM Code       0  d2f.o(x$fpl$d2f)
    _d2f                                     0x3000a870   ARM Code     108  d2f.o(x$fpl$d2f)
    __aeabi_dadd                             0x3000a8dc   ARM Code       0  daddsub_noclz.o(x$fpl$dadd)
    _dadd                                    0x3000a8dc   ARM Code     336  daddsub_noclz.o(x$fpl$dadd)
    __fpl_dcheck_NaN1                        0x3000aa30   ARM Code      12  dcheck1.o(x$fpl$dcheck1)
    __aeabi_ddiv                             0x3000aa40   ARM Code       0  ddiv.o(x$fpl$ddiv)
    _ddiv                                    0x3000aa40   ARM Code     600  ddiv.o(x$fpl$ddiv)
    __aeabi_d2iz                             0x3000ad20   ARM Code       0  dfix.o(x$fpl$dfix)
    _dfix                                    0x3000ad20   ARM Code     112  dfix.o(x$fpl$dfix)
    __aeabi_i2d                              0x3000ad90   ARM Code       0  dflt_noclz.o(x$fpl$dflt)
    _dflt                                    0x3000ad90   ARM Code      88  dflt_noclz.o(x$fpl$dflt)
    __dflt_normalise                         0x3000ada0   ARM Code       0  dflt_noclz.o(x$fpl$dflt)
    __aeabi_ui2d                             0x3000ade8   ARM Code       0  dflt_noclz.o(x$fpl$dfltu)
    _dfltu                                   0x3000ade8   ARM Code      12  dflt_noclz.o(x$fpl$dfltu)
    __aeabi_dmul                             0x3000adf4   ARM Code       0  dmul.o(x$fpl$dmul)
    _dmul                                    0x3000adf4   ARM Code     372  dmul.o(x$fpl$dmul)
    __fpl_dnaninf                            0x3000af74   ARM Code     192  dnaninf.o(x$fpl$dnaninf)
    __fpl_dretinf                            0x3000b034   ARM Code      16  dretinf.o(x$fpl$dretinf)
    __aeabi_drsub                            0x3000b044   ARM Code       0  daddsub_noclz.o(x$fpl$drsb)
    _drsb                                    0x3000b044   ARM Code      24  daddsub_noclz.o(x$fpl$drsb)
    __aeabi_dsub                             0x3000b05c   ARM Code       0  daddsub_noclz.o(x$fpl$dsub)
    _dsub                                    0x3000b05c   ARM Code     576  daddsub_noclz.o(x$fpl$dsub)
    __aeabi_f2d                              0x3000b2a0   ARM Code       0  f2d.o(x$fpl$f2d)
    _f2d                                     0x3000b2a0   ARM Code     100  f2d.o(x$fpl$f2d)
    __fpl_fnaninf                            0x3000b304   ARM Code     168  fnaninf.o(x$fpl$fnaninf)
    __fpl_fretinf                            0x3000b3ac   ARM Code      16  fretinf.o(x$fpl$fretinf)
    Inline Thumb to ARM Veneer to __ieee_status 0x3000b3bd   Thumb Code     4  istatus.o(x$fpl$ieeestatus)
    __ieee_status                            0x3000b3c0   ARM Code       8  istatus.o(x$fpl$ieeestatus)
    _printf_fp_dec                           0x3000b3c8   ARM Code       4  printf1.o(x$fpl$printf1)
    __fpl_return_NaN                         0x3000b3cc   ARM Code     116  retnan.o(x$fpl$retnan)
    __ARM_scalbn                             0x3000b440   ARM Code     104  scalbn.o(x$fpl$scalbn)
    __fpl_cmpreturn                          0x3000b4a8   ARM Code      60  trapv.o(x$fpl$trapveneer)
    __I$use$fp                               0x3000b4e4   Number         0  usenofp.o(x$fpl$usenofp)
    g_ucBitmap                               0x3001e400   Data       768000  bmp_data.o(.constdata)
    Region$$Table$$Base                      0x300d9ed4   Number         0  anon$$obj.o(Region$$Table)
    Region$$Table$$Limit                     0x300d9ef4   Number         0  anon$$obj.o(Region$$Table)
    __ctype                                  0x300d9f01   Data           0  lc_ctype_c.o(locale$$data)
    save_rGPCUP                              0x30200000   Data           4  lcd.o(.data)
    save_rGPCDAT                             0x30200004   Data           4  lcd.o(.data)
    save_rGPCCON                             0x30200008   Data           4  lcd.o(.data)
    save_rGPDUP                              0x3020000c   Data           4  lcd.o(.data)
    save_rGPDDAT                             0x30200010   Data           4  lcd.o(.data)
    save_rGPDCON                             0x30200014   Data           4  lcd.o(.data)
    lcd_count                                0x30200018   Data           4  lcd.o(.data)
    frameBuffer1Bit                          0x3020001c   Data           4  lcdlib.o(.data)
    frameBuffer2Bit                          0x30200020   Data           4  lcdlib.o(.data)
    frameBuffer4Bit                          0x30200024   Data           4  lcdlib.o(.data)
    frameBuffer8Bit                          0x30200028   Data           4  lcdlib.o(.data)
    frameBuffer12Bit                         0x3020002c   Data           4  lcdlib.o(.data)
    frameBuffer8BitTft240320                 0x30200030   Data           4  lcdlib.o(.data)
    frameBuffer16BitTft240320                0x30200034   Data           4  lcdlib.o(.data)
    frameBuffer1BitTft640480                 0x30200038   Data           4  lcdlib.o(.data)
    frameBuffer8BitTft640480                 0x3020003c   Data           4  lcdlib.o(.data)
    frameBuffer16BitTft640480                0x30200040   Data           4  lcdlib.o(.data)
    frameBuffer16BitTft800480                0x30200044   Data           4  lcdlib.o(.data)
    frameBuffer24BitTft640480                0x30200048   Data           4  lcdlib.o(.data)
    frameBuffer1BitTft800600                 0x3020004c   Data           4  lcdlib.o(.data)
    frameBuffer8BitTft800600                 0x30200050   Data           4  lcdlib.o(.data)
    frameBuffer16BitTft800600                0x30200054   Data           4  lcdlib.o(.data)
    PutPixel                                 0x30200058   Data           4  glib.o(.data)
    BitmapView                               0x3020005c   Data           4  glib.o(.data)
    f_nWhichUart                             0x30200064   Data           4  2410lib.o(.data)
    Image$$RW_ZI$$ZI$$Limit                  0x30200068   Data           1  2410lib.o(.data)
    nCNT                                     0x3020006c   Data           4  sys_init.o(.data)
    __libspace_start                         0x30200070   Data          96  libspace.o(.bss)
    __temporary_stack_top$libspace           0x302000d0   Data           0  libspace.o(.bss)



==============================================================================

Memory Map of the image

  Image Entry point : 0x300001e8

  Load Region LR_ROM1 (Base: 0x30000000, Size: 0x000da090, Max: 0x00200000, ABSOLUTE)

    Execution Region ER_ROM1 (Base: 0x30000000, Size: 0x000da020, Max: 0x00200000, ABSOLUTE)

    Base Addr    Size         Type   Attr      Idx    E Section Name        Object

    0x30000000   0x000001e8   Code   RO            3    RESET               s3c2410a.o
    0x300001e8   0x00000008   Code   RO          234  * !!!main             c_t.l(__main.o)
    0x300001f0   0x0000003c   Code   RO          644    !!!scatter          c_t.l(__scatter.o)
    0x3000022c   0x00000028   Code   RO          646    !!handler_copy      c_t.l(__scatter_copy.o)
    0x30000254   0x0000002c   Code   RO          648    !!handler_zi        c_t.l(__scatter_zi.o)
    0x30000280   0x00000004   Ven    RO          373    .ARM.Collect$$_printf_percent$$00000000  c_t.l(_printf_percent.o)
    0x30000284   0x00000000   Code   RO          373    .ARM.Collect$$_printf_percent$$00000000  c_t.l(_printf_percent.o)
    0x30000284   0x00000008   Code   RO          362    .ARM.Collect$$_printf_percent$$00000001  c_t.l(_printf_n.o)
    0x3000028c   0x00000008   Code   RO          364    .ARM.Collect$$_printf_percent$$00000002  c_t.l(_printf_p.o)
    0x30000294   0x00000008   Code   RO          369    .ARM.Collect$$_printf_percent$$00000003  c_t.l(_printf_f.o)
    0x3000029c   0x00000008   Code   RO          370    .ARM.Collect$$_printf_percent$$00000004  c_t.l(_printf_e.o)
    0x300002a4   0x00000008   Code   RO          371    .ARM.Collect$$_printf_percent$$00000005  c_t.l(_printf_g.o)
    0x300002ac   0x00000008   Code   RO          372    .ARM.Collect$$_printf_percent$$00000006  c_t.l(_printf_a.o)
    0x300002b4   0x0000000c   Code   RO          377    .ARM.Collect$$_printf_percent$$00000007  c_t.l(_printf_ll.o)
    0x300002c0   0x00000008   Code   RO          366    .ARM.Collect$$_printf_percent$$00000008  c_t.l(_printf_i.o)
    0x300002c8   0x00000008   Code   RO          367    .ARM.Collect$$_printf_percent$$00000009  c_t.l(_printf_d.o)
    0x300002d0   0x00000008   Code   RO          368    .ARM.Collect$$_printf_percent$$0000000A  c_t.l(_printf_u.o)
    0x300002d8   0x00000008   Code   RO          365    .ARM.Collect$$_printf_percent$$0000000B  c_t.l(_printf_o.o)
    0x300002e0   0x00000008   Code   RO          363    .ARM.Collect$$_printf_percent$$0000000C  c_t.l(_printf_x.o)
    0x300002e8   0x00000008   Code   RO          374    .ARM.Collect$$_printf_percent$$0000000D  c_t.l(_printf_lli.o)
    0x300002f0   0x00000008   Code   RO          375    .ARM.Collect$$_printf_percent$$0000000E  c_t.l(_printf_lld.o)
    0x300002f8   0x00000008   Code   RO          376    .ARM.Collect$$_printf_percent$$0000000F  c_t.l(_printf_llu.o)
    0x30000300   0x00000008   Code   RO          381    .ARM.Collect$$_printf_percent$$00000010  c_t.l(_printf_llo.o)
    0x30000308   0x00000008   Code   RO          382    .ARM.Collect$$_printf_percent$$00000011  c_t.l(_printf_llx.o)
    0x30000310   0x0000000c   Code   RO          378    .ARM.Collect$$_printf_percent$$00000012  c_t.l(_printf_l.o)
    0x3000031c   0x00000008   Code   RO          360    .ARM.Collect$$_printf_percent$$00000013  c_t.l(_printf_c.o)
    0x30000324   0x00000008   Code   RO          361    .ARM.Collect$$_printf_percent$$00000014  c_t.l(_printf_s.o)
    0x3000032c   0x00000008   Code   RO          379    .ARM.Collect$$_printf_percent$$00000015  c_t.l(_printf_lc.o)
    0x30000334   0x00000008   Code   RO          380    .ARM.Collect$$_printf_percent$$00000016  c_t.l(_printf_ls.o)
    0x3000033c   0x00000008   Code   RO          451    .ARM.Collect$$_printf_percent$$00000017  c_t.l(_printf_percent_end.o)
    0x30000344   0x00000008   Ven    RO          560    .ARM.Collect$$libinit$$00000000  c_t.l(libinit.o)
    0x3000034c   0x00000002   Code   RO          560    .ARM.Collect$$libinit$$00000000  c_t.l(libinit.o)
    0x3000034e   0x00000000   Code   RO          463    .ARM.Collect$$libinit$$00000002  c_t.l(libinit2.o)
    0x3000034e   0x00000000   Code   RO          466    .ARM.Collect$$libinit$$00000008  c_t.l(libinit2.o)
    0x3000034e   0x00000000   Code   RO          468    .ARM.Collect$$libinit$$0000000A  c_t.l(libinit2.o)
    0x3000034e   0x00000000   Code   RO          470    .ARM.Collect$$libinit$$0000000C  c_t.l(libinit2.o)
    0x3000034e   0x00000006   Code   RO          471    .ARM.Collect$$libinit$$0000000D  c_t.l(libinit2.o)
    0x30000354   0x00000000   Code   RO          473    .ARM.Collect$$libinit$$0000000F  c_t.l(libinit2.o)
    0x30000354   0x0000000c   Code   RO          474    .ARM.Collect$$libinit$$00000010  c_t.l(libinit2.o)
    0x30000360   0x00000000   Code   RO          475    .ARM.Collect$$libinit$$00000011  c_t.l(libinit2.o)
    0x30000360   0x00000000   Code   RO          477    .ARM.Collect$$libinit$$00000013  c_t.l(libinit2.o)
    0x30000360   0x0000000a   Code   RO          478    .ARM.Collect$$libinit$$00000014  c_t.l(libinit2.o)
    0x3000036a   0x00000000   Code   RO          479    .ARM.Collect$$libinit$$00000015  c_t.l(libinit2.o)
    0x3000036a   0x00000000   Code   RO          481    .ARM.Collect$$libinit$$00000017  c_t.l(libinit2.o)
    0x3000036a   0x00000000   Code   RO          483    .ARM.Collect$$libinit$$00000019  c_t.l(libinit2.o)
    0x3000036a   0x00000000   Code   RO          485    .ARM.Collect$$libinit$$0000001B  c_t.l(libinit2.o)
    0x3000036a   0x00000000   Code   RO          487    .ARM.Collect$$libinit$$0000001D  c_t.l(libinit2.o)
    0x3000036a   0x00000000   Code   RO          489    .ARM.Collect$$libinit$$0000001F  c_t.l(libinit2.o)
    0x3000036a   0x00000000   Code   RO          491    .ARM.Collect$$libinit$$00000021  c_t.l(libinit2.o)
    0x3000036a   0x00000000   Code   RO          493    .ARM.Collect$$libinit$$00000023  c_t.l(libinit2.o)
    0x3000036a   0x00000000   Code   RO          497    .ARM.Collect$$libinit$$0000002A  c_t.l(libinit2.o)
    0x3000036a   0x00000000   Code   RO          499    .ARM.Collect$$libinit$$0000002C  c_t.l(libinit2.o)
    0x3000036a   0x00000000   Code   RO          501    .ARM.Collect$$libinit$$0000002E  c_t.l(libinit2.o)
    0x3000036a   0x00000000   Code   RO          503    .ARM.Collect$$libinit$$00000030  c_t.l(libinit2.o)
    0x3000036a   0x0000000c   Code   RO          504    .ARM.Collect$$libinit$$00000031  c_t.l(libinit2.o)
    0x30000376   0x00000002   PAD
    0x30000378   0x00000008   Ven    RO          613    .ARM.Collect$$libshutdown$$00000000  c_t.l(libshutdown.o)
    0x30000380   0x00000004   Code   RO          613    .ARM.Collect$$libshutdown$$00000000  c_t.l(libshutdown.o)
    0x30000384   0x00000000   Code   RO          630    .ARM.Collect$$libshutdown$$00000003  c_t.l(libshutdown2.o)
    0x30000384   0x00000000   Code   RO          633    .ARM.Collect$$libshutdown$$00000006  c_t.l(libshutdown2.o)
    0x30000384   0x00000000   Code   RO          636    .ARM.Collect$$libshutdown$$00000009  c_t.l(libshutdown2.o)
    0x30000384   0x00000000   Code   RO          638    .ARM.Collect$$libshutdown$$0000000B  c_t.l(libshutdown2.o)
    0x30000384   0x00000000   Code   RO          641    .ARM.Collect$$libshutdown$$0000000E  c_t.l(libshutdown2.o)
    0x30000384   0x00000006   Code   RO          642    .ARM.Collect$$libshutdown$$0000000F  c_t.l(libshutdown2.o)
    0x3000038a   0x00000002   PAD
    0x3000038c   0x00000000   Code   RO          268    .ARM.Collect$$rtentry$$00000000  c_t.l(rtentry.o)
    0x3000038c   0x00000000   Code   RO          419    .ARM.Collect$$rtentry$$00000002  c_t.l(rtentry2.o)
    0x3000038c   0x00000008   Code   RO          431    .ARM.Collect$$rtentry$$00000004  c_t.l(rtentry4.o)
    0x30000394   0x00000000   Code   RO          421    .ARM.Collect$$rtentry$$00000009  c_t.l(rtentry2.o)
    0x30000394   0x00000004   Code   RO          422    .ARM.Collect$$rtentry$$0000000A  c_t.l(rtentry2.o)
    0x30000398   0x00000000   Code   RO          424    .ARM.Collect$$rtentry$$0000000C  c_t.l(rtentry2.o)
    0x30000398   0x00000028   Code   RO          425    .ARM.Collect$$rtentry$$0000000D  c_t.l(rtentry2.o)
    0x300003c0   0x00000004   Ven    RO          567    .ARM.Collect$$rtexit$$00000000  c_t.l(rtexit.o)
    0x300003c4   0x00000004   Code   RO          567    .ARM.Collect$$rtexit$$00000000  c_t.l(rtexit.o)
    0x300003c8   0x00000000   Code   RO          586    .ARM.Collect$$rtexit$$00000002  c_t.l(rtexit2.o)
    0x300003c8   0x00000004   Code   RO          587    .ARM.Collect$$rtexit$$00000003  c_t.l(rtexit2.o)
    0x300003cc   0x00000008   Code   RO          588    .ARM.Collect$$rtexit$$00000004  c_t.l(rtexit2.o)
    0x300003d4   0x00000024   Code   RO            4    .text               s3c2410a.o
    0x300003f8   0x00003f30   Code   RO           11    .text               lcd.o
    0x30004328   0x00001758   Code   RO           62    .text               lcdlib.o
    0x30005a80   0x00000010   Code   RO           80    .text               main.o
    0x30005a90   0x0000065c   Code   RO           92    .text               color_lcd_test.o
    0x300060ec   0x000011fc   Code   RO          109    .text               glib.o
    0x300072e8   0x00000b00   Code   RO          136    .text               2410lib.o
    0x30007de8   0x00000474   Code   RO          183    .text               sys_init.o
    0x3000825c   0x00000004   Ven    RO          208    .text               c_t.l(rt_ctype_table.o)
    0x30008260   0x00000018   Code   RO          208    .text               c_t.l(rt_ctype_table.o)
    0x30008278   0x00000008   Ven    RO          210    .text               c_t.l(c89vsprintf.o)
    0x30008280   0x00000028   Code   RO          210    .text               c_t.l(c89vsprintf.o)
    0x300082a8   0x00000008   Ven    RO          212    .text               c_t.l(atoi.o)
    0x300082b0   0x0000001e   Code   RO          212    .text               c_t.l(atoi.o)
    0x300082ce   0x00000002   PAD
    0x300082d0   0x00000008   Ven    RO          214    .text               c_t.l(strlen.o)
    0x300082d8   0x00000044   Code   RO          214    .text               c_t.l(strlen.o)
    0x3000831c   0x00000004   Ven    RO          216    .text               c_t.l(aeabi_sdiv.o)
    0x30008320   0x00000180   Code   RO          216    .text               c_t.l(aeabi_sdiv.o)
    0x300084a0   0x00000006   Code   RO          232    .text               c_t.l(heapauxi.o)
    0x300084a6   0x00000002   PAD
    0x300084a8   0x00000004   Ven    RO          276    .text               c_t.l(rt_locale_intlibspace.o)
    0x300084ac   0x0000000c   Code   RO          276    .text               c_t.l(rt_locale_intlibspace.o)
    0x300084b8   0x00000004   Ven    RO          281    .text               c_t.l(rt_errno_addr_intlibspace.o)
    0x300084bc   0x0000000c   Code   RO          281    .text               c_t.l(rt_errno_addr_intlibspace.o)
    0x300084c8   0x00000008   Ven    RO          283    .text               c_t.l(_rserrno.o)
    0x300084d0   0x0000001a   Code   RO          283    .text               c_t.l(_rserrno.o)
    0x300084ea   0x00000056   Code   RO          291    .text               c_t.l(_printf_pad.o)
    0x30008540   0x0000002c   Code   RO          293    .text               c_t.l(_printf_truncate.o)
    0x3000856c   0x00000058   Code   RO          295    .text               c_t.l(_printf_str.o)
    0x300085c4   0x00000008   Ven    RO          297    .text               c_t.l(_printf_dec.o)
    0x300085cc   0x00000070   Code   RO          297    .text               c_t.l(_printf_dec.o)
    0x3000863c   0x00000008   Ven    RO          299    .text               c_t.l(_printf_charcount.o)
    0x30008644   0x00000028   Code   RO          299    .text               c_t.l(_printf_charcount.o)
    0x3000866c   0x00000030   Code   RO          301    .text               c_t.l(_printf_char_common.o)
    0x3000869c   0x0000000a   Code   RO          303    .text               c_t.l(_sputc.o)
    0x300086a6   0x00000002   PAD
    0x300086a8   0x000000c0   Code   RO          305    .text               c_t.l(_printf_wctomb.o)
    0x30008768   0x00000008   Ven    RO          311    .text               c_t.l(_printf_longlong_dec.o)
    0x30008770   0x00000074   Code   RO          311    .text               c_t.l(_printf_longlong_dec.o)
    0x300087e4   0x00000008   Ven    RO          317    .text               c_t.l(_printf_oct_int_ll.o)
    0x300087ec   0x00000078   Code   RO          317    .text               c_t.l(_printf_oct_int_ll.o)
    0x30008864   0x00000008   Ven    RO          337    .text               c_t.l(_printf_hex_int_ll_ptr.o)
    0x3000886c   0x000000a0   Code   RO          337    .text               c_t.l(_printf_hex_int_ll_ptr.o)
    0x3000890c   0x0000019c   Code   RO          357    .text               c_t.l(__printf_flags_ss_wp.o)
    0x30008aa8   0x00000074   Code   RO          383    .text               c_t.l(strtol.o)
    0x30008b1c   0x0000000c   Code   RO          415    .text               c_t.l(libspace.o)
    0x30008b28   0x00000004   Ven    RO          435    .text               c_t.l(lludiv10.o)
    0x30008b2c   0x000000a0   Code   RO          435    .text               c_t.l(lludiv10.o)
    0x30008bcc   0x000000ba   Code   RO          437    .text               c_t.l(_printf_intcommon.o)
    0x30008c86   0x00000002   PAD
    0x30008c88   0x00000420   Code   RO          439    .text               c_t.l(_printf_fp_dec.o)
    0x300090a8   0x00000008   Ven    RO          447    .text               c_t.l(_printf_char.o)
    0x300090b0   0x00000032   Code   RO          447    .text               c_t.l(_printf_char.o)
    0x300090e2   0x00000002   PAD
    0x300090e4   0x00000008   Ven    RO          449    .text               c_t.l(_printf_wchar.o)
    0x300090ec   0x00000032   Code   RO          449    .text               c_t.l(_printf_wchar.o)
    0x3000911e   0x000000ac   Code   RO          452    .text               c_t.l(_strtoul.o)
    0x300091ca   0x0000004a   Code   RO          454    .text               c_t.l(_wcrtomb.o)
    0x30009214   0x000000a0   Code   RO          458    .text               c_t.l(strcmp.o)
    0x300092b4   0x00000004   Ven    RO          460    .text               c_t.l(rtudiv10.o)
    0x300092b8   0x0000002c   Code   RO          460    .text               c_t.l(rtudiv10.o)
    0x300092e4   0x00000060   Code   RO          513    .text               c_t.l(sys_stackheap_outer.o)
    0x30009344   0x00000090   Code   RO          515    .text               c_t.l(_printf_fp_infnan.o)
    0x300093d4   0x0000001e   Code   RO          517    .text               c_t.l(_chval.o)
    0x300093f2   0x00000002   PAD
    0x300093f4   0x000000d8   Code   RO          519    .text               c_t.l(bigflt0.o)
    0x300094cc   0x0000000c   Code   RO          547    .text               c_t.l(exit.o)
    0x300094d8   0x00000008   Ven    RO          583    .text               c_t.l(sys_exit.o)
    0x300094e0   0x0000000c   Code   RO          583    .text               c_t.l(sys_exit.o)
    0x300094ec   0x00000004   Code   RO          604    .text               c_t.l(use_no_semi.o)
    0x300094f0   0x00000000   Code   RO          606    .text               c_t.l(indicate_semi.o)
    0x300094f0   0x00000024   Code   RO          217    .text_udiv          c_t.l(aeabi_sdiv.o)
    0x30009514   0x00000004   Ven    RO          522    CL$$btod_d2e        c_t.l(btod.o)
    0x30009518   0x00000038   Code   RO          522    CL$$btod_d2e        c_t.l(btod.o)
    0x30009550   0x00000054   Code   RO          524    CL$$btod_d2e_denorm_low  c_t.l(btod.o)
    0x300095a4   0x00000068   Code   RO          523    CL$$btod_d2e_norm_op1  c_t.l(btod.o)
    0x3000960c   0x0000034c   Code   RO          532    CL$$btod_div_common  c_t.l(btod.o)
    0x30009958   0x000000dc   Code   RO          529    CL$$btod_e2e        c_t.l(btod.o)
    0x30009a34   0x00000004   Ven    RO          526    CL$$btod_ediv       c_t.l(btod.o)
    0x30009a38   0x00000034   Code   RO          526    CL$$btod_ediv       c_t.l(btod.o)
    0x30009a6c   0x00000004   Ven    RO          525    CL$$btod_emul       c_t.l(btod.o)
    0x30009a70   0x00000034   Code   RO          525    CL$$btod_emul       c_t.l(btod.o)
    0x30009aa4   0x00000268   Code   RO          531    CL$$btod_mult_common  c_t.l(btod.o)
    0x30009d0c   0x0000000c   Ven    RO          679    Veneer$$Code        anon$$obj.o
    0x30009d18   0x0000000c   Ven    RO          680    Veneer$$Code        anon$$obj.o
    0x30009d24   0x0000000c   Ven    RO          681    Veneer$$Code        anon$$obj.o
    0x30009d30   0x0000000c   Ven    RO          682    Veneer$$Code        anon$$obj.o
    0x30009d3c   0x0000000c   Ven    RO          683    Veneer$$Code        anon$$obj.o
    0x30009d48   0x0000000c   Ven    RO          684    Veneer$$Code        anon$$obj.o
    0x30009d54   0x00000002   Code   RO          289    i.__ARM_common_call_via_r1  c_t.l(__printf.o)
    0x30009d56   0x00000002   Code   RO          309    i.__ARM_common_call_via_r2  c_t.l(_printf_wctomb.o)
    0x30009d58   0x00000002   Code   RO          456    i.__ARM_common_call_via_r3  c_t.l(_wcrtomb.o)
    0x30009d5a   0x00000002   PAD
    0x30009d5c   0x00000004   Ven    RO          509    i.__ARM_fpclassify  m_ts.l(fpclassify.o)
    0x30009d60   0x00000030   Code   RO          509    i.__ARM_fpclassify  m_ts.l(fpclassify.o)
    0x30009d90   0x000004f8   Code   RO          404    i.__ieee754_rem_pio2  m_ts.l(rred.o)
    0x3000a288   0x0000019c   Code   RO          401    i.__kernel_cos      m_ts.l(cos_i.o)
    0x3000a424   0x00000100   Code   RO          511    i.__kernel_poly     m_ts.l(poly.o)
    0x3000a524   0x0000017c   Code   RO          409    i.__kernel_sin      m_ts.l(sin_i.o)
    0x3000a6a0   0x00000014   Code   RO          507    i.__mathlib_dbl_underflow  m_ts.l(dunder.o)
    0x3000a6b4   0x0000000e   Code   RO          350    i._is_digit         c_t.l(__printf_wp.o)
    0x3000a6c2   0x00000002   PAD
    0x3000a6c4   0x00000104   Code   RO          261    i.sin               m_ts.l(sin.o)
    0x3000a7c8   0x00000004   Ven    RO          386    locale$$code        c_t.l(lc_ctype_c.o)
    0x3000a7cc   0x00000050   Code   RO          386    locale$$code        c_t.l(lc_ctype_c.o)
    0x3000a81c   0x00000004   Ven    RO          545    locale$$code        c_t.l(lc_numeric_c.o)
    0x3000a820   0x00000050   Code   RO          545    locale$$code        c_t.l(lc_numeric_c.o)
    0x3000a870   0x0000006c   Code   RO          236    x$fpl$d2f           fz_ts.l(d2f.o)
    0x3000a8dc   0x00000154   Code   RO          238    x$fpl$dadd          fz_ts.l(daddsub_noclz.o)
    0x3000aa30   0x00000010   Code   RO          505    x$fpl$dcheck1       fz_ts.l(dcheck1.o)
    0x3000aa40   0x000002e0   Code   RO          245    x$fpl$ddiv          fz_ts.l(ddiv.o)
    0x3000ad20   0x00000070   Code   RO          248    x$fpl$dfix          fz_ts.l(dfix.o)
    0x3000ad90   0x00000058   Code   RO          253    x$fpl$dflt          fz_ts.l(dflt_noclz.o)
    0x3000ade8   0x0000000c   Code   RO          252    x$fpl$dfltu         fz_ts.l(dflt_noclz.o)
    0x3000adf4   0x00000180   Code   RO          256    x$fpl$dmul          fz_ts.l(dmul.o)
    0x3000af74   0x000000c0   Code   RO          388    x$fpl$dnaninf       fz_ts.l(dnaninf.o)
    0x3000b034   0x00000010   Code   RO          390    x$fpl$dretinf       fz_ts.l(dretinf.o)
    0x3000b044   0x00000018   Code   RO          239    x$fpl$drsb          fz_ts.l(daddsub_noclz.o)
    0x3000b05c   0x00000244   Code   RO          240    x$fpl$dsub          fz_ts.l(daddsub_noclz.o)
    0x3000b2a0   0x00000064   Code   RO          258    x$fpl$f2d           fz_ts.l(f2d.o)
    0x3000b304   0x000000a8   Code   RO          392    x$fpl$fnaninf       fz_ts.l(fnaninf.o)
    0x3000b3ac   0x00000010   Code   RO          394    x$fpl$fretinf       fz_ts.l(fretinf.o)
    0x3000b3bc   0x00000004   Ven    RO          563    x$fpl$ieeestatus    fz_ts.l(istatus.o)
    0x3000b3c0   0x00000008   Code   RO          563    x$fpl$ieeestatus    fz_ts.l(istatus.o)
    0x3000b3c8   0x00000004   Code   RO          396    x$fpl$printf1       fz_ts.l(printf1.o)
    0x3000b3cc   0x00000074   Code   RO          565    x$fpl$retnan        fz_ts.l(retnan.o)
    0x3000b440   0x00000068   Code   RO          398    x$fpl$scalbn        fz_ts.l(scalbn.o)
    0x3000b4a8   0x0000003c   Code   RO          579    x$fpl$trapveneer    fz_ts.l(trapv.o)
    0x3000b4e4   0x00000000   Code   RO          400    x$fpl$usenofp       fz_ts.l(usenofp.o)
    0x3000b4e4   0x00012f1c   Data   RO           12    .constdata          lcd.o
    0x3001e400   0x000bb800   Data   RO          127    .constdata          bmp_data.o
    0x300d9c00   0x000000d8   Data   RO          184    .constdata          sys_init.o
    0x300d9cd8   0x00000008   Data   RO          306    .constdata          c_t.l(_printf_wctomb.o)
    0x300d9ce0   0x00000028   Data   RO          338    .constdata          c_t.l(_printf_hex_int_ll_ptr.o)
    0x300d9d08   0x00000011   Data   RO          358    .constdata          c_t.l(__printf_flags_ss_wp.o)
    0x300d9d19   0x00000007   PAD
    0x300d9d20   0x00000030   Data   RO          402    .constdata          m_ts.l(cos_i.o)
    0x300d9d50   0x000000c8   Data   RO          406    .constdata          m_ts.l(rred.o)
    0x300d9e18   0x00000028   Data   RO          410    .constdata          m_ts.l(sin_i.o)
    0x300d9e40   0x00000094   Data   RO          520    .constdata          c_t.l(bigflt0.o)
    0x300d9ed4   0x00000020   Data   RO          643    Region$$Table       anon$$obj.o
    0x300d9ef4   0x00000110   Data   RO          385    locale$$data        c_t.l(lc_ctype_c.o)
    0x300da004   0x0000001c   Data   RO          544    locale$$data        c_t.l(lc_numeric_c.o)


    Execution Region RW_RAM1 (Base: 0x30200000, Size: 0x0000e8d0, Max: 0x04000000, ABSOLUTE)

    Base Addr    Size         Type   Attr      Idx    E Section Name        Object

    0x30200000   0x0000001c   Data   RW           13    .data               lcd.o
    0x3020001c   0x0000003c   Data   RW           63    .data               lcdlib.o
    0x30200058   0x00000008   Data   RW          110    .data               glib.o
    0x30200060   0x00000009   Data   RW          137    .data               2410lib.o
    0x30200069   0x00000003   PAD
    0x3020006c   0x00000004   Data   RW          185    .data               sys_init.o
    0x30200070   0x00000060   Zero   RW          416    .bss                c_t.l(libspace.o)
    0x302000d0   0x00004800   Zero   RW            2    HEAP                s3c2410a.o
    0x302048d0   0x0000a000   Zero   RW            1    STACK               s3c2410a.o


==============================================================================

Image component sizes


      Code (inc. data)   RO Data    RW Data    ZI Data      Debug   Object Name

      2816        104          0          9          0       7912   2410lib.o
         0          0     768000          0          0        405   bmp_data.o
      1628        128          0          0          0       2237   color_lcd_test.o
      4604        144          0          8          0       9648   glib.o
     16176       2560      77596         28          0      12115   lcd.o
      5976        264          0         60          0       5070   lcdlib.o
        16          0          0          0          0        355   main.o
       524        212          0          0      59392        484   s3c2410a.o
      1140        244        216          4          0       2084   sys_init.o

    ----------------------------------------------------------------------
     32952       3680     845844        112      59392      40310   Object Totals
        72         24         32          0          0          0   (incl. Generated)
         0          0          0          3          0          0   (incl. Padding)

    ----------------------------------------------------------------------

      Code (inc. data)   RO Data    RW Data    ZI Data      Debug   Library Member Name

         8          0          0          0          0         68   __main.o
         2          0          0          0          0         60   __printf.o
       412          6         17          0          0         92   __printf_flags_ss_wp.o
        14          0          0          0          0         60   __printf_wp.o
        60          8          0          0          0          0   __scatter.o
        40          0          0          0          0          0   __scatter_copy.o
        44          0          0          0          0          0   __scatter_zi.o
        30          0          0          0          0         60   _chval.o
         8          0          0          0          0          0   _printf_a.o
         8          0          0          0          0          0   _printf_c.o
        58          0          0          0          0        112   _printf_char.o
        48          4          0          0          0         96   _printf_char_common.o
        48          0          0          0          0         60   _printf_charcount.o
         8          0          0          0          0          0   _printf_d.o
       120         18          0          0          0         88   _printf_dec.o
         8          0          0          0          0          0   _printf_e.o
         8          0          0          0          0          0   _printf_f.o
      1056         14          0          0          0        188   _printf_fp_dec.o
       144         16          0          0          0         88   _printf_fp_infnan.o
         8          0          0          0          0          0   _printf_g.o
       168          4         40          0          0        176   _printf_hex_int_ll_ptr.o
         8          0          0          0          0          0   _printf_i.o
       186          0          0          0          0         96   _printf_intcommon.o
        12          0          0          0          0          0   _printf_l.o
         8          0          0          0          0          0   _printf_lc.o
        12          0          0          0          0          0   _printf_ll.o
         8          0          0          0          0          0   _printf_lld.o
         8          0          0          0          0          0   _printf_lli.o
         8          0          0          0          0          0   _printf_llo.o
         8          0          0          0          0          0   _printf_llu.o
         8          0          0          0          0          0   _printf_llx.o
       124         18          0          0          0         88   _printf_longlong_dec.o
         8          0          0          0          0          0   _printf_ls.o
         8          0          0          0          0          0   _printf_n.o
         8          0          0          0          0          0   _printf_o.o
       128         10          0          0          0        136   _printf_oct_int_ll.o
         8          0          0          0          0          0   _printf_p.o
        86          0          0          0          0        116   _printf_pad.o
         4          0          0          0          0          0   _printf_percent.o
         8          0          0          0          0          0   _printf_percent_end.o
         8          0          0          0          0          0   _printf_s.o
        88          0          0          0          0         84   _printf_str.o
        44          0          0          0          0         76   _printf_truncate.o
         8          0          0          0          0          0   _printf_u.o
        58          0          0          0          0        112   _printf_wchar.o
       194          4          8          0          0        156   _printf_wctomb.o
         8          0          0          0          0          0   _printf_x.o
        34          0          0          0          0        104   _rserrno.o
        10          0          0          0          0         60   _sputc.o
       172          0          0          0          0         96   _strtoul.o
        76          0          0          0          0        148   _wcrtomb.o
       424          0          0          0          0        148   aeabi_sdiv.o
        38          0          0          0          0         84   atoi.o
       216          6        148          0          0         96   bigflt0.o
      2040        128          0          0          0        696   btod.o
        48          4          0          0          0         80   c89vsprintf.o
        12          0          0          0          0         64   exit.o
         6          0          0          0          0        136   heapauxi.o
         0          0          0          0          0          0   indicate_semi.o
        84          8        272          0          0         92   lc_ctype_c.o
        84          8         28          0          0         92   lc_numeric_c.o
        10          0          0          0          0          0   libinit.o
        40          0          0          0          0          0   libinit2.o
        12          0          0          0          0          0   libshutdown.o
         6          0          0          0          0          0   libshutdown2.o
        12          4          0          0         96         68   libspace.o
       164          0          0          0          0         96   lludiv10.o
        28          4          0          0          0         84   rt_ctype_table.o
        16          4          0          0          0         68   rt_errno_addr_intlibspace.o
        16          4          0          0          0         68   rt_locale_intlibspace.o
         0          0          0          0          0          0   rtentry.o
        44          4          0          0          0          0   rtentry2.o
         8          0          0          0          0          0   rtentry4.o
         8          0          0          0          0          0   rtexit.o
        12          0          0          0          0          0   rtexit2.o
        48          0          0          0          0         68   rtudiv10.o
       160          4          0          0          0         80   strcmp.o
        76          4          0          0          0         76   strlen.o
       116          4          0          0          0         92   strtol.o
        20          4          0          0          0         60   sys_exit.o
        96          0          0          0          0         80   sys_stackheap_outer.o
         4          0          0          0          0         68   use_no_semi.o
       108          4          0          0          0         92   d2f.o
       944         16          0          0          0        372   daddsub_noclz.o
        16          4          0          0          0         68   dcheck1.o
       736        140          0          0          0        232   ddiv.o
       112          4          0          0          0         92   dfix.o
       100          0          0          0          0        136   dflt_noclz.o
       384         16          0          0          0        124   dmul.o
       192          0          0          0          0        108   dnaninf.o
        16          0          0          0          0         68   dretinf.o
       100          4          0          0          0         84   f2d.o
       168          0          0          0          0        100   fnaninf.o
        16          0          0          0          0         68   fretinf.o
        12          0          0          0          0         68   istatus.o
         4          0          0          0          0         68   printf1.o
       116          0          0          0          0         68   retnan.o
       104          0          0          0          0         68   scalbn.o
        60          0          0          0          0         68   trapv.o
         0          0          0          0          0          0   usenofp.o
       412          8         48          0          0        152   cos_i.o
        20          0          0          0          0         68   dunder.o
        52          0          0          0          0         68   fpclassify.o
       256          0          0          0          0        116   poly.o
      1272         64        200          0          0        120   rred.o
       260          4          0          0          0        128   sin.o
       380         12         40          0          0        156   sin_i.o

    ----------------------------------------------------------------------
     13356        568        808          0         96       7508   Library Totals
        20          0          7          0          0          0   (incl. Padding)

    ----------------------------------------------------------------------

      Code (inc. data)   RO Data    RW Data    ZI Data      Debug   Library Name

      7496        292        513          0         96       4816   c_t.l
      3188        188          0          0          0       1884   fz_ts.l
      2652         88        288          0          0        808   m_ts.l

    ----------------------------------------------------------------------
     13356        568        808          0         96       7508   Library Totals

    ----------------------------------------------------------------------

==============================================================================


      Code (inc. data)   RO Data    RW Data    ZI Data      Debug   

     46308       4248     846652        112      59488      43194   Grand Totals
     46308       4248     846652        112      59488      43194   ELF Image Totals
     46308       4248     846652        112          0          0   ROM Totals

==============================================================================

    Total RO  Size (Code + RO Data)               892960 ( 872.03kB)
    Total RW  Size (RW Data + ZI Data)             59600 (  58.20kB)
    Total ROM Size (Code + RO Data + RW Data)     893072 ( 872.14kB)

==============================================================================

